 TakionAdditionalColumns

 Timestamp is 64c534a0 (Sat Jul 29 11:47:44 2023)

 Preferred load address is 0000000180000000

 Start         Length     Name                   Class
 0001:00000000 00000090H .text$di                CODE
 0001:00000090 000040e0H .text$mn                CODE
 0001:00004170 00000012H .text$mn$00             CODE
 0001:00004182 000000feH .text$x                 CODE
 0001:00004280 00000060H .text$yd                CODE
 0002:00000000 00000e88H .idata$5                DATA
 0002:00000e88 00000010H .00cfg                  DATA
 0002:00000e98 00000008H .CRT$XCA                DATA
 0002:00000ea0 00000010H .CRT$XCL                DATA
 0002:00000eb0 00000008H .CRT$XCU                DATA
 0002:00000eb8 00000008H .CRT$XCZ                DATA
 0002:00000ec0 00000008H .CRT$XIA                DATA
 0002:00000ec8 00000008H .CRT$XIC                DATA
 0002:00000ed0 00000008H .CRT$XIZ                DATA
 0002:00000ed8 00000008H .CRT$XLA                DATA
 0002:00000ee0 00000008H .CRT$XLZ                DATA
 0002:00000ee8 00000008H .CRT$XPA                DATA
 0002:00000ef0 00000008H .CRT$XPZ                DATA
 0002:00000ef8 00000008H .CRT$XTA                DATA
 0002:00000f00 00000010H .CRT$XTZ                DATA
 0002:00000f10 000021b8H .rdata                  DATA
 0002:000030c8 00000028H .rdata$T                DATA
 0002:000030f0 0000217cH .rdata$r                DATA
 0002:0000526c 0000034cH .rdata$zzzdbg           DATA
 0002:000055b8 00000008H .rtc$IAA                DATA
 0002:000055c0 00000008H .rtc$IZZ                DATA
 0002:000055c8 00000008H .rtc$TAA                DATA
 0002:000055d0 00000010H .rtc$TZZ                DATA
 0002:000055e0 000003c0H .xdata                  DATA
 0002:000059a0 00000000H ATL$__a                 DATA
 0002:000059a0 00000000H ATL$__z                 DATA
 0002:000059a0 000009b4H .edata                  DATA
 0002:00006354 000000f0H .idata$2                DATA
 0002:00006444 00000014H .idata$3                DATA
 0002:00006458 00000e88H .idata$4                DATA
 0002:000072e0 00004ef0H .idata$6                DATA
 0003:00000000 00000040H .data                   DATA
 0003:00000040 00000d60H .data$r                 DATA
 0003:00000da0 00000a30H .bss                    DATA
 0004:00000000 000004e0H .pdata                  DATA
 0005:00000000 00000034H .gfids$y                DATA
 0006:00000000 00000004H .tls                    DATA
 0006:00000004 00000004H .tls$                   DATA
 0006:00000008 00000001H .tls$ZZZ                DATA
 0007:00000000 000000a0H .rsrc$01                DATA
 0007:000000a0 000005d0H .rsrc$02                DATA

  Address         Publics by Value              Rva+Base               Lib:Object

 0000:00000000       __dynamic_value_reloc_table 0000000000000000     <absolute>
 0000:00000000       __guard_iat_count          0000000000000000     <absolute>
 0000:00000000       __guard_iat_table          0000000000000000     <absolute>
 0000:00000000       __guard_fids_count         0000000000000000     <absolute>
 0000:00000000       ___safe_se_handler_table   0000000000000000     <absolute>
 0000:00000000       __guard_longjmp_table      0000000000000000     <absolute>
 0000:00000000       ___safe_se_handler_count   0000000000000000     <absolute>
 0000:00000000       __guard_longjmp_count      0000000000000000     <absolute>
 0000:00000000       __guard_fids_table         0000000000000000     <absolute>
 0000:00000100       __guard_flags              0000000000000100     <absolute>
 0000:00000000       __ImageBase                0000000180000000     <linker-defined>
 0001:00000090       __vcrt_thread_attach       0000000180001090 f   msvcrt:ucrt_stubs.obj
 0001:00000090       __acrt_initialize          0000000180001090 f   msvcrt:ucrt_stubs.obj
 0001:00000090       __vcrt_thread_detach       0000000180001090 f   msvcrt:ucrt_stubs.obj
 0001:00000090       __scrt_stub_for_acrt_thread_attach 0000000180001090 f   msvcrt:ucrt_stubs.obj
 0001:00000090       __acrt_uninitialize        0000000180001090 f   msvcrt:ucrt_stubs.obj
 0001:00000090       IsTraderIdValid            0000000180001090 f   ColumnFunctions.obj
 0001:00000090       AdditionalMsLock           0000000180001090 f   ColumnFunctions.obj
 0001:00000090       __vcrt_uninitialize        0000000180001090 f   msvcrt:ucrt_stubs.obj
 0001:00000090       __scrt_stub_for_acrt_uninitialize_critical 0000000180001090 f   msvcrt:ucrt_stubs.obj
 0001:00000090       __scrt_stub_for_acrt_uninitialize 0000000180001090 f   msvcrt:ucrt_stubs.obj
 0001:00000090       __vcrt_initialize          0000000180001090 f   msvcrt:ucrt_stubs.obj
 0001:00000090       __acrt_thread_detach       0000000180001090 f   msvcrt:ucrt_stubs.obj
 0001:00000090       __acrt_thread_attach       0000000180001090 f   msvcrt:ucrt_stubs.obj
 0001:00000090       __scrt_stub_for_acrt_initialize 0000000180001090 f   msvcrt:ucrt_stubs.obj
 0001:00000090       __scrt_stub_for_acrt_thread_detach 0000000180001090 f   msvcrt:ucrt_stubs.obj
 0001:00000090       __acrt_uninitialize_critical 0000000180001090 f   msvcrt:ucrt_stubs.obj
 0001:00000090       __vcrt_uninitialize_critical 0000000180001090 f   msvcrt:ucrt_stubs.obj
 0001:000000a0       GetMsAdditionalColumnCount 00000001800010a0 f   ColumnFunctions.obj
 0001:000000b0       MsUpdateNonCumulativeRowValue 00000001800010b0 f   ColumnFunctions.obj
 0001:000000b0       MsRemoveNonCumulativeRowValue 00000001800010b0 f   ColumnFunctions.obj
 0001:000000b0       OrdUpdateNonCumulativeRowValue 00000001800010b0 f   ColumnFunctions.obj
 0001:000000b0       OrdAddNonCumulativeRowValue 00000001800010b0 f   ColumnFunctions.obj
 0001:000000b0       OrdRemoveNonCumulativeRowValue 00000001800010b0 f   ColumnFunctions.obj
 0001:000000b0       MsAddNonCumulativeRowValue 00000001800010b0 f   ColumnFunctions.obj
 0001:000000c0       IsMsColumnPosition         00000001800010c0 f   ColumnFunctions.obj
 0001:000000d0       ApplyMsPosition            00000001800010d0 f   ColumnFunctions.obj
 0001:00000110       InvalidateMsPositionColumns 0000000180001110 f   ColumnFunctions.obj
 0001:00000140       InvalidateMsPositionTotals 0000000180001140 f   ColumnFunctions.obj
 0001:000001a0       UpdateMsPositionValues     00000001800011a0 f   ColumnFunctions.obj
 0001:000001e0       AdjustMsPositionTotals     00000001800011e0 f   ColumnFunctions.obj
 0001:00000230       CreateMsTotalRowValue      0000000180001230 f   ColumnFunctions.obj
 0001:00000320       GetMsCellColor             0000000180001320 f   ColumnFunctions.obj
 0001:00000320       GetActCellColor            0000000180001320 f   ColumnFunctions.obj
 0001:00000320       GetOrdCellColor            0000000180001320 f   ColumnFunctions.obj
 0001:00000330       ?AssertValid@CObject@@UEBAXXZ 0000000180001330 f   TakionAdditionalColumns.obj
 0001:00000330       ExtensionTerminate         0000000180001330 f   TakionAdditionalColumns.obj
 0001:00000330       ?__empty_global_delete@@YAXPEAX_K@Z 0000000180001330 f   ColumnFunctions.obj
 0001:00000330       AdditionalMsLockWait       0000000180001330 f   ColumnFunctions.obj
 0001:00000330       ?__global_delete@@YAXPEAX_K@Z 0000000180001330 f   * CIL library *:* CIL module *
 0001:00000330       ?Serialize@CObject@@UEAAXAEAVCArchive@@@Z 0000000180001330 f   TakionAdditionalColumns.obj
 0001:00000330       _guard_check_icall_nop     0000000180001330 f   msvcrt:guard_support.obj
 0001:00000330       ?Dump@CObject@@UEBAXAEAVCDumpContext@@@Z 0000000180001330 f   TakionAdditionalColumns.obj
 0001:00000330       AdditionalMsUnlock         0000000180001330 f   ColumnFunctions.obj
 0001:00000340       CreateMsRowValue           0000000180001340 f   ColumnFunctions.obj
 0001:00000860       GetMsColumnInfo            0000000180001860 f   ColumnFunctions.obj
 0001:000009e0       GetPosAdditionalColumnCount 00000001800019e0 f   ColumnFunctions.obj
 0001:000009f0       PosUpdateNonCumulativeRowValue 00000001800019f0 f   ColumnFunctions.obj
 0001:00000b50       PosRemoveNonCumulativeRowValue 0000000180001b50 f   ColumnFunctions.obj
 0001:00000b50       PosAddNonCumulativeRowValue 0000000180001b50 f   ColumnFunctions.obj
 0001:00000b60       CreatePosTotalRowValue     0000000180001b60 f   ColumnFunctions.obj
 0001:00000bf0       GetPosCellColor            0000000180001bf0 f   ColumnFunctions.obj
 0001:00000d40       CreatePosRowValue          0000000180001d40 f   ColumnFunctions.obj
 0001:000014f0       GetPosColumnInfo           00000001800024f0 f   ColumnFunctions.obj
 0001:00001720       GetActAdditionalColumnCount 0000000180002720 f   ColumnFunctions.obj
 0001:00001730       ActUpdateNonCumulativeRowValue 0000000180002730 f   ColumnFunctions.obj
 0001:00001890       ActRemoveNonCumulativeRowValue 0000000180002890 f   ColumnFunctions.obj
 0001:00001890       ActAddNonCumulativeRowValue 0000000180002890 f   ColumnFunctions.obj
 0001:000018a0       CreateActTotalRowValue     00000001800028a0 f   ColumnFunctions.obj
 0001:00001930       CreateActRowValue          0000000180002930 f   ColumnFunctions.obj
 0001:00001b40       GetActColumnInfo           0000000180002b40 f   ColumnFunctions.obj
 0001:00001c00       ?GetApplicationRecoveryParameter@CWinApp@@UEAAPEAXXZ 0000000180002c00 f   TakionAdditionalColumns.obj
 0001:00001c00       GetOrdAdditionalColumnCount 0000000180002c00 f   ColumnFunctions.obj
 0001:00001c00       ?GetApplicationRestartFlags@CWinApp@@UEAAKXZ 0000000180002c00 f   TakionAdditionalColumns.obj
 0001:00001c00       ?_AfxInitManaged@@YAHXZ    0000000180002c00 f   stdafx.obj
 0001:00001c00       _is_c_termination_complete 0000000180002c00 f   msvcrt:ucrt_stubs.obj
 0001:00001c00       __scrt_stub_for_is_c_termination_complete 0000000180002c00 f   msvcrt:ucrt_stubs.obj
 0001:00001c10       CreateOrdTotalRowValue     0000000180002c10 f   ColumnFunctions.obj
 0001:00001c20       CreateOrdRowValue          0000000180002c20 f   ColumnFunctions.obj
 0001:00001c30       GetOrdColumnInfo           0000000180002c30 f   ColumnFunctions.obj
 0001:00001c64       ??_9Security@@$BA@AA       0000000180002c64 f i ColumnFunctions.obj
 0001:00001c6c       ??_9Security@@$BBAI@AA     0000000180002c6c f i ColumnFunctions.obj
 0001:00001c78       ??_9Security@@$BBAA@AA     0000000180002c78 f i ColumnFunctions.obj
 0001:00001c90       ??_GSecurityIntRowValueDiff@@UEAAPEAXI@Z 0000000180002c90 f i ColumnFunctions.obj
 0001:00001c90       ??_ESecurityIntRowValueDiff@@UEAAPEAXI@Z 0000000180002c90 f i * CIL library *:* CIL module *
 0001:00001cd0       ??_GSecurityPriceRowValueDiffAbs@@UEAAPEAXI@Z 0000000180002cd0 f i ColumnFunctions.obj
 0001:00001cd0       ??_ESecurityPriceRowValueDiffAbs@@UEAAPEAXI@Z 0000000180002cd0 f i * CIL library *:* CIL module *
 0001:00001d10       ??_GSecurityUIntByIntDivisionFraction@@UEAAPEAXI@Z 0000000180002d10 f i ColumnFunctions.obj
 0001:00001d10       ??_ESecurityUIntByIntDivisionFraction@@UEAAPEAXI@Z 0000000180002d10 f i * CIL library *:* CIL module *
 0001:00001d50       ??_ESecurityIntByIntDivisionFraction@@UEAAPEAXI@Z 0000000180002d50 f i * CIL library *:* CIL module *
 0001:00001d50       ??_GSecurityIntByIntDivisionFraction@@UEAAPEAXI@Z 0000000180002d50 f i ColumnFunctions.obj
 0001:00001d90       ??_GSecurityPriceXIntAbs@@UEAAPEAXI@Z 0000000180002d90 f i ColumnFunctions.obj
 0001:00001d90       ??_ESecurityPriceXIntAbs@@UEAAPEAXI@Z 0000000180002d90 f i * CIL library *:* CIL module *
 0001:00001dd0       ??_EPositionMoneyPerShareInventoryRowValue@@UEAAPEAXI@Z 0000000180002dd0 f i * CIL library *:* CIL module *
 0001:00001dd0       ??_GPositionMoneyPerShareInventoryRowValue@@UEAAPEAXI@Z 0000000180002dd0 f i ColumnFunctions.obj
 0001:00001e10       ??_GPositionSecurityUCharAsCharOrdinalRowValue@@UEAAPEAXI@Z 0000000180002e10 f i ColumnFunctions.obj
 0001:00001e10       ??_EPositionSecurityUCharAsCharOrdinalRowValue@@UEAAPEAXI@Z 0000000180002e10 f i * CIL library *:* CIL module *
 0001:00001e50       ??_GPositionSecurityIntByIntDivision@@UEAAPEAXI@Z 0000000180002e50 f i ColumnFunctions.obj
 0001:00001e50       ??_EPositionSecurityIntByIntDivision@@UEAAPEAXI@Z 0000000180002e50 f i * CIL library *:* CIL module *
 0001:00001e90       ??_GPositionSecurityPriceRowValue@@UEAAPEAXI@Z 0000000180002e90 f i ColumnFunctions.obj
 0001:00001e90       ??_EPositionSecurityPriceRowValue@@UEAAPEAXI@Z 0000000180002e90 f i * CIL library *:* CIL module *
 0001:00001ed0       ??_EPositionSecurityUIntRowValue@@UEAAPEAXI@Z 0000000180002ed0 f i * CIL library *:* CIL module *
 0001:00001ed0       ??_GPositionSecurityUIntRowValue@@UEAAPEAXI@Z 0000000180002ed0 f i ColumnFunctions.obj
 0001:00001f10       ??_EPositionUIntRowValueNull@@UEAAPEAXI@Z 0000000180002f10 f i * CIL library *:* CIL module *
 0001:00001f10       ??_GPositionUIntRowValueNull@@UEAAPEAXI@Z 0000000180002f10 f i ColumnFunctions.obj
 0001:00001f50       ??_GPositionSecurityUIntDevidedByUIntAlternateInventoryRowValue@@UEAAPEAXI@Z 0000000180002f50 f i ColumnFunctions.obj
 0001:00001f50       ??_EPositionSecurityUIntDevidedByUIntAlternateInventoryRowValue@@UEAAPEAXI@Z 0000000180002f50 f i * CIL library *:* CIL module *
 0001:00001f90       ??_GPositionSecurityUIntDevidedByUIntInventoryRowValue@@UEAAPEAXI@Z 0000000180002f90 f i ColumnFunctions.obj
 0001:00001f90       ??_EPositionSecurityUIntDevidedByUIntInventoryRowValue@@UEAAPEAXI@Z 0000000180002f90 f i * CIL library *:* CIL module *
 0001:00001fd0       ??_EAccountMoneyPerShareInventoryRowValue@@UEAAPEAXI@Z 0000000180002fd0 f i * CIL library *:* CIL module *
 0001:00001fd0       ??_GAccountMoneyPerShareInventoryRowValue@@UEAAPEAXI@Z 0000000180002fd0 f i ColumnFunctions.obj
 0001:00002010       ??_EUIntRowValue@@UEAAPEAXI@Z 0000000180003010 f i * CIL library *:* CIL module *
 0001:00002010       ??_GUIntRowValue@@UEAAPEAXI@Z 0000000180003010 f i ColumnFunctions.obj
 0001:00002050       ??_GMoneyRowValue@@UEAAPEAXI@Z 0000000180003050 f i ColumnFunctions.obj
 0001:00002050       ??_EMoneyRowValue@@UEAAPEAXI@Z 0000000180003050 f i * CIL library *:* CIL module *
 0001:00002090       GetExtensionVersion        0000000180003090 f   TakionAdditionalColumns.obj
 0001:000020a0       GetUtilsVersion            00000001800030a0 f   TakionAdditionalColumns.obj
 0001:000020b0       GetUtilsHeaderVersion      00000001800030b0 f   TakionAdditionalColumns.obj
 0001:000020c0       GetTakionUtilsVersion      00000001800030c0 f   TakionAdditionalColumns.obj
 0001:000020d0       GetTakionUtilsHeaderVersion 00000001800030d0 f   TakionAdditionalColumns.obj
 0001:000020d0       GetTakionGuiHeaderVersion  00000001800030d0 f   TakionAdditionalColumns.obj
 0001:000020d0       GetTakionDataHeaderVersion 00000001800030d0 f   TakionAdditionalColumns.obj
 0001:000020e0       GetTakionGuiVersion        00000001800030e0 f   TakionAdditionalColumns.obj
 0001:000020f0       GetTakionDataVersion       00000001800030f0 f   TakionAdditionalColumns.obj
 0001:00002100       GetTakionLogVersion        0000000180003100 f   TakionAdditionalColumns.obj
 0001:00002110       GetTakionLogHeaderVersion  0000000180003110 f   TakionAdditionalColumns.obj
 0001:00002120       GetObserverVersion         0000000180003120 f   TakionAdditionalColumns.obj
 0001:00002130       GetObserverHeaderVersion   0000000180003130 f   TakionAdditionalColumns.obj
 0001:00002140       GetTakionExtensionDescription 0000000180003140 f   TakionAdditionalColumns.obj
 0001:00002160       GetTakionExtensionProductName 0000000180003160 f   TakionAdditionalColumns.obj
 0001:00002170       ExtensionInitialize        0000000180003170 f   TakionAdditionalColumns.obj
 0001:00002190       ??0TakionAdditionalColumns@@QEAA@XZ 0000000180003190 f   TakionAdditionalColumns.obj
 0001:00002230       ??_ETakionAdditionalColumns@@UEAAPEAXI@Z 0000000180003230 f i * CIL library *:* CIL module *
 0001:00002230       ??_GTakionAdditionalColumns@@UEAAPEAXI@Z 0000000180003230 f i TakionAdditionalColumns.obj
 0001:000022c0       ?InitInstance@TakionAdditionalColumns@@UEAAHXZ 00000001800032c0 f   TakionAdditionalColumns.obj
 0001:00002320       ?ExitInstance@TakionAdditionalColumns@@UEAAHXZ 0000000180003320 f   TakionAdditionalColumns.obj
 0001:00002330       ?GetApplicationRecoveryPingInterval@CWinApp@@UEAAKXZ 0000000180003330 f i TakionAdditionalColumns.obj
 0001:00002340       ?RestoreAutosavedFilesAtRestart@CWinApp@@UEBAHXZ 0000000180003340 f i TakionAdditionalColumns.obj
 0001:00002350       ?ReopenPreviousFilesAtRestart@CWinApp@@UEBAHXZ 0000000180003350 f i TakionAdditionalColumns.obj
 0001:00002360       ?SupportsAutosaveAtInterval@CWinApp@@UEBAHXZ 0000000180003360 f i TakionAdditionalColumns.obj
 0001:00002370       ?SupportsAutosaveAtRestart@CWinApp@@UEBAHXZ 0000000180003370 f i TakionAdditionalColumns.obj
 0001:00002380       ?SupportsApplicationRecovery@CWinApp@@UEBAHXZ 0000000180003380 f i TakionAdditionalColumns.obj
 0001:00002390       ?SupportsRestartManager@CWinApp@@UEBAHXZ 0000000180003390 f i TakionAdditionalColumns.obj
 0001:000023a0       ??3CObject@@SAXPEAX@Z      00000001800033a0 f i TakionAdditionalColumns.obj
 0001:000023b0       ??1?$basic_string@DU?$char_traits@D@std@@V?$allocator@D@2@@std@@QEAA@XZ 00000001800033b0 f i TakionAdditionalColumns.obj
 0001:00002440       ?_AtlInitializeCriticalSectionEx@ATL@@YAHPEAU_RTL_CRITICAL_SECTION@@KK@Z 0000000180003440 f i stdafx.obj
 0001:00002448       ?SetPosition@RowValue@@UEAAXPEBVPositionData@@@Z 0000000180003448 f   TakionGui:TakionGui.dll
 0001:0000244e       ?SetValue@?$TypedNumericRowValue@VMoney@@@@UEAA_NAEBVMoney@@@Z 000000018000344e f   TakionGui:TakionGui.dll
 0001:00002454       ?CompareToZero@?$TypedNumericRowValue@VMoney@@@@UEBAFAEBVMoney@@@Z 0000000180003454 f   TakionGui:TakionGui.dll
 0001:0000245a       ?CalculateTick@?$TypedNumericRowValue@VMoney@@@@MEAAXAEBVMoney@@AEAV2@@Z 000000018000345a f   TakionGui:TakionGui.dll
 0001:00002460       ?CanBeNegative@RowValue@@UEBA_NXZ 0000000180003460 f   TakionGui:TakionGui.dll
 0001:00002466       ?CompareValueToZero@?$TypedNumericRowValue@VMoney@@@@UEBAFXZ 0000000180003466 f   TakionGui:TakionGui.dll
 0001:0000246c       ?isValueZero@?$TypedNumericRowValue@VMoney@@@@UEBA_NXZ 000000018000346c f   TakionGui:TakionGui.dll
 0001:00002472       ?isObjectValueZero@?$TypedNumericRowValue@VMoney@@@@UEBA_NXZ 0000000180003472 f   TakionGui:TakionGui.dll
 0001:00002478       ?GetObjectValue@?$TypedRowValue@VMoney@@@@UEBAAEBVMoney@@XZ 0000000180003478 f   TakionGui:TakionGui.dll
 0001:0000247e       ?UpdateValue@?$TypedRowValue@VMoney@@@@UEAA_NXZ 000000018000347e f   TakionGui:TakionGui.dll
 0001:00002484       ?InitValue@?$TypedRowValue@VMoney@@@@UEAAXXZ 0000000180003484 f   TakionGui:TakionGui.dll
 0001:0000248a       ?InitializeValue@?$TypedRowValue@VMoney@@@@MEAAXXZ 000000018000348a f   TakionGui:TakionGui.dll
 0001:00002490       ?isValueChanged@?$TypedRowValue@VMoney@@@@UEBA_NXZ 0000000180003490 f   TakionGui:TakionGui.dll
 0001:00002496       ?toString@MoneyRowValue@@UEBAXAEAV?$basic_string@DU?$char_traits@D@std@@V?$allocator@D@2@@std@@@Z 0000000180003496 f   TakionGui:TakionGui.dll
 0001:0000249c       ?isValueEmpty@?$TypedRowValue@VMoney@@@@UEBA_NXZ 000000018000349c f   TakionGui:TakionGui.dll
 0001:000024a2       ?Compare@?$TypedRowValue@VMoney@@@@UEBAFAEBVRowValue@@@Z 00000001800034a2 f   TakionGui:TakionGui.dll
 0001:000024a8       ?CompareValue@?$TypedRowValue@VMoney@@@@UEBAFAEBVMoney@@@Z 00000001800034a8 f   TakionGui:TakionGui.dll
 0001:000024ae       ?CompareAhead@?$TypedRowValue@VMoney@@@@UEBAFAEBVRowValue@@@Z 00000001800034ae f   TakionGui:TakionGui.dll
 0001:000024b4       ?isObjectValueEmpty@?$TypedRowValue@VMoney@@@@UEBA_NXZ 00000001800034b4 f   TakionGui:TakionGui.dll
 0001:000024ba       ?NullifyTick@?$TypedNumericRowValue@VMoney@@@@UEAAXXZ 00000001800034ba f   TakionGui:TakionGui.dll
 0001:000024c0       ?NullifyLastDiff@?$TypedNumericRowValue@VMoney@@@@UEBAXXZ 00000001800034c0 f   TakionGui:TakionGui.dll
 0001:000024c6       ?Add@?$TypedNumericRowValue@VMoney@@@@UEAA_NAEBVRowValue@@@Z 00000001800034c6 f   TakionGui:TakionGui.dll
 0001:000024cc       ?Subtract@?$TypedNumericRowValue@VMoney@@@@UEAA_NAEBVRowValue@@@Z 00000001800034cc f   TakionGui:TakionGui.dll
 0001:000024d2       ?Adjust@?$TypedNumericRowValue@VMoney@@@@UEAA_NAEBVRowValue@@@Z 00000001800034d2 f   TakionGui:TakionGui.dll
 0001:000024d8       ?Reset@?$TypedNumericRowValue@VMoney@@@@UEAAXXZ 00000001800034d8 f   TakionGui:TakionGui.dll
 0001:000024de       ?GetCount@RowValue@@UEBAIXZ 00000001800034de f   TakionGui:TakionGui.dll
 0001:000024e4       ?GetTickMillisecond@?$TypedNumericRowValue@VMoney@@@@UEBAIXZ 00000001800034e4 f   TakionGui:TakionGui.dll
 0001:000024ea       ?GetStringValue@RowValue@@UEBAPEBDXZ 00000001800034ea f   TakionGui:TakionGui.dll
 0001:000024f0       ?GetUIntValue@RowValue@@UEBAIXZ 00000001800034f0 f   TakionGui:TakionGui.dll
 0001:000024f6       ?GetUInt64Value@RowValue@@UEBA_KXZ 00000001800034f6 f   TakionGui:TakionGui.dll
 0001:000024fc       ?GetIntValue@RowValue@@UEBAHXZ 00000001800034fc f   TakionGui:TakionGui.dll
 0001:00002502       ?GetPriceValue@RowValue@@UEBA?AVPrice@@XZ 0000000180003502 f   TakionGui:TakionGui.dll
 0001:00002508       ?GetSignedPriceValue@RowValue@@UEBA?AVSignedPrice@@XZ 0000000180003508 f   TakionGui:TakionGui.dll
 0001:0000250e       ?SetSecurity@RowValue@@UEAAXPEBVSecurity@@@Z 000000018000350e f   TakionGui:TakionGui.dll
 0001:00002514       ?isComma@?$CommaRowValue@VMoney@@@@UEBAPEB_NXZ 0000000180003514 f   TakionGui:TakionGui.dll
 0001:0000251a       ?SetComma@?$CommaRowValue@VMoney@@@@UEAAXPEB_N@Z 000000018000351a f   TakionGui:TakionGui.dll
 0001:00002520       ?GetDecDigits@?$DecRowValue@VMoney@@@@UEBAPEBEXZ 0000000180003520 f   TakionGui:TakionGui.dll
 0001:00002526       ?SetDecDigits@?$DecRowValue@VMoney@@@@UEAAXPEBE@Z 0000000180003526 f   TakionGui:TakionGui.dll
 0001:0000252c       ?isTruncate@?$DecRowValue@VMoney@@@@UEBAPEB_NXZ 000000018000352c f   TakionGui:TakionGui.dll
 0001:00002532       ?SetTruncate@?$DecRowValue@VMoney@@@@UEAAXPEB_N@Z 0000000180003532 f   TakionGui:TakionGui.dll
 0001:00002538       ?GetLastIntDiff@RowValue@@UEBAHXZ 0000000180003538 f   TakionGui:TakionGui.dll
 0001:0000253e       ?GetNonZeroCount@RowValue@@UEBAIXZ 000000018000353e f   TakionGui:TakionGui.dll
 0001:00002544       ?GetObjectValueCopy@?$TypedRowValue@VMoney@@@@UEBA?AVMoney@@XZ 0000000180003544 f   TakionGui:TakionGui.dll
 0001:0000254a       ?CanBeNegative@?$TypedUnsignedRowValue@I@@UEBA_NXZ 000000018000354a f   TakionGui:TakionGui.dll
 0001:00002550       ?CompareValueToZero@?$TypedUnsignedRowValue@I@@UEBAFXZ 0000000180003550 f   TakionGui:TakionGui.dll
 0001:00002556       ?isValueZero@?$TypedNumericRowValue@I@@UEBA_NXZ 0000000180003556 f   TakionGui:TakionGui.dll
 0001:0000255c       ?isObjectValueZero@?$TypedNumericRowValue@I@@UEBA_NXZ 000000018000355c f   TakionGui:TakionGui.dll
 0001:00002562       ?GetObjectValue@?$TypedRowValue@I@@UEBAAEBIXZ 0000000180003562 f   TakionGui:TakionGui.dll
 0001:00002568       ?UpdateValue@?$TypedRowValue@I@@UEAA_NXZ 0000000180003568 f   TakionGui:TakionGui.dll
 0001:0000256e       ?InitValue@?$TypedRowValue@I@@UEAAXXZ 000000018000356e f   TakionGui:TakionGui.dll
 0001:00002574       ?InitializeValue@?$TypedRowValue@I@@MEAAXXZ 0000000180003574 f   TakionGui:TakionGui.dll
 0001:0000257a       ?isValueChanged@?$TypedRowValue@I@@UEBA_NXZ 000000018000357a f   TakionGui:TakionGui.dll
 0001:00002580       ?toString@?$CommaUnsignedNumberRowValue@I@@UEBAXAEAV?$basic_string@DU?$char_traits@D@std@@V?$allocator@D@2@@std@@@Z 0000000180003580 f   TakionGui:TakionGui.dll
 0001:00002586       ?isValueEmpty@?$TypedRowValue@I@@UEBA_NXZ 0000000180003586 f   TakionGui:TakionGui.dll
 0001:0000258c       ?Compare@?$TypedRowValue@I@@UEBAFAEBVRowValue@@@Z 000000018000358c f   TakionGui:TakionGui.dll
 0001:00002592       ?CompareValue@?$TypedRowValue@I@@UEBAFAEBI@Z 0000000180003592 f   TakionGui:TakionGui.dll
 0001:00002598       ?CompareAhead@?$TypedRowValue@I@@UEBAFAEBVRowValue@@@Z 0000000180003598 f   TakionGui:TakionGui.dll
 0001:0000259e       ?isObjectValueEmpty@?$TypedRowValue@I@@UEBA_NXZ 000000018000359e f   TakionGui:TakionGui.dll
 0001:000025a4       ?NullifyTick@?$TypedNumericRowValue@I@@UEAAXXZ 00000001800035a4 f   TakionGui:TakionGui.dll
 0001:000025aa       ?NullifyLastDiff@?$TypedNumericRowValue@I@@UEBAXXZ 00000001800035aa f   TakionGui:TakionGui.dll
 0001:000025b0       ?Add@?$TypedNumericRowValue@I@@UEAA_NAEBVRowValue@@@Z 00000001800035b0 f   TakionGui:TakionGui.dll
 0001:000025b6       ?SetValue@?$TypedNumericRowValue@I@@UEAA_NAEBI@Z 00000001800035b6 f   TakionGui:TakionGui.dll
 0001:000025bc       ?CompareToZero@?$TypedNumericRowValue@I@@UEBAFAEBH@Z 00000001800035bc f   TakionGui:TakionGui.dll
 0001:000025c2       ?Subtract@?$TypedNumericRowValue@I@@UEAA_NAEBVRowValue@@@Z 00000001800035c2 f   TakionGui:TakionGui.dll
 0001:000025c8       ?Adjust@?$TypedUnsignedRowValue@I@@UEAA_NAEBVRowValue@@@Z 00000001800035c8 f   TakionGui:TakionGui.dll
 0001:000025ce       ?Reset@?$TypedNumericRowValue@I@@UEAAXXZ 00000001800035ce f   TakionGui:TakionGui.dll
 0001:000025d4       ?GetTickMillisecond@?$TypedNumericRowValue@I@@UEBAIXZ 00000001800035d4 f   TakionGui:TakionGui.dll
 0001:000025da       ?GetUIntValue@UIntRowValue@@UEBAIXZ 00000001800035da f   TakionGui:TakionGui.dll
 0001:000025e0       ?isComma@?$CommaUnsignedRowValue@I@@UEBAPEB_NXZ 00000001800035e0 f   TakionGui:TakionGui.dll
 0001:000025e6       ?SetComma@?$CommaUnsignedRowValue@I@@UEAAXPEB_N@Z 00000001800035e6 f   TakionGui:TakionGui.dll
 0001:000025ec       ?GetDecDigits@RowValue@@UEBAPEBEXZ 00000001800035ec f   TakionGui:TakionGui.dll
 0001:000025f2       ?SetDecDigits@RowValue@@UEAAXPEBE@Z 00000001800035f2 f   TakionGui:TakionGui.dll
 0001:000025f8       ?isTruncate@RowValue@@UEBAPEB_NXZ 00000001800035f8 f   TakionGui:TakionGui.dll
 0001:000025fe       ?SetTruncate@RowValue@@UEAAXPEB_N@Z 00000001800035fe f   TakionGui:TakionGui.dll
 0001:00002604       ?GetObjectValueCopy@?$TypedRowValue@I@@UEBAIXZ 0000000180003604 f   TakionGui:TakionGui.dll
 0001:0000260a       ?CalculateTick@?$TypedUnsignedRowValue@I@@MEAAXAEBIAEAH@Z 000000018000360a f   TakionGui:TakionGui.dll
 0001:00002610       ?isObjectValueZero@AccountMoneyPerShareInventoryRowValue@@UEBA_NXZ 0000000180003610 f   TakionGui:TakionGui.dll
 0001:00002616       ?UpdateValue@AccountMoneyPerShareInventoryRowValue@@UEAA_NXZ 0000000180003616 f   TakionGui:TakionGui.dll
 0001:0000261c       ?isValueChanged@AccountMoneyPerShareInventoryRowValue@@UEBA_NXZ 000000018000361c f   TakionGui:TakionGui.dll
 0001:00002622       ?CompareAhead@AccountMoneyPerShareInventoryRowValue@@UEBAFAEBVRowValue@@@Z 0000000180003622 f   TakionGui:TakionGui.dll
 0001:00002628       ?InitializeValue@AccountMoneyPerShareInventoryRowValue@@MEAAXXZ 0000000180003628 f   TakionGui:TakionGui.dll
 0001:0000262e       ?CanBeNegative@?$MonetaryUnsignedRowValue@VPrice@@@@MEBA_NXZ 000000018000362e f   TakionGui:TakionGui.dll
 0001:00002634       ?CompareValueToZero@?$TypedUnsignedRowValue@VPrice@@@@UEBAFXZ 0000000180003634 f   TakionGui:TakionGui.dll
 0001:0000263a       ?isValueZero@PositionSecurityUIntDevidedByUIntInventoryRowValue@@UEBA_NXZ 000000018000363a f   TakionGui:TakionGui.dll
 0001:00002640       ?isObjectValueZero@PositionSecurityUIntDevidedByUIntInventoryRowValue@@UEBA_NXZ 0000000180003640 f   TakionGui:TakionGui.dll
 0001:00002646       ?GetSecurityObjectValue@PositionSecurityUIntDevidedByUIntInventoryRowValue@@UEBAAEBIXZ 0000000180003646 f   TakionGui:TakionGui.dll
 0001:0000264c       ?UpdateValue@PositionSecurityUIntDevidedByUIntInventoryRowValue@@UEAA_NXZ 000000018000364c f   TakionGui:TakionGui.dll
 0001:00002652       ?SetValue@?$TypedNumericRowValue@VPrice@@@@UEAA_NAEBVPrice@@@Z 0000000180003652 f   TakionGui:TakionGui.dll
 0001:00002658       ?CompareToZero@?$TypedNumericRowValue@VPrice@@@@UEBAFAEBVSignedPrice@@@Z 0000000180003658 f   TakionGui:TakionGui.dll
 0001:0000265e       ?InitValue@?$TypedRowValue@VPrice@@@@UEAAXXZ 000000018000365e f   TakionGui:TakionGui.dll
 0001:00002664       ?InitializeValue@?$TypedRowValue@VPrice@@@@MEAAXXZ 0000000180003664 f   TakionGui:TakionGui.dll
 0001:0000266a       ?GetObjectValue@?$TypedRowValue@VPrice@@@@UEBAAEBVPrice@@XZ 000000018000366a f   TakionGui:TakionGui.dll
 0001:00002670       ?isValueChanged@PositionSecurityUIntDevidedByUIntInventoryRowValue@@UEBA_NXZ 0000000180003670 f   TakionGui:TakionGui.dll
 0001:00002676       ?toString@PriceRowValue@@UEBAXAEAV?$basic_string@DU?$char_traits@D@std@@V?$allocator@D@2@@std@@@Z 0000000180003676 f   TakionGui:TakionGui.dll
 0001:0000267c       ?isValueEmpty@?$TypedRowValue@VPrice@@@@UEBA_NXZ 000000018000367c f   TakionGui:TakionGui.dll
 0001:00002682       ?Compare@?$TypedRowValue@VPrice@@@@UEBAFAEBVRowValue@@@Z 0000000180003682 f   TakionGui:TakionGui.dll
 0001:00002688       ?CompareValue@?$TypedRowValue@VPrice@@@@UEBAFAEBVPrice@@@Z 0000000180003688 f   TakionGui:TakionGui.dll
 0001:0000268e       ?CompareAhead@PositionSecurityUIntDevidedByUIntInventoryRowValue@@UEBAFAEBVRowValue@@@Z 000000018000368e f   TakionGui:TakionGui.dll
 0001:00002694       ?isObjectValueEmpty@?$TypedRowValue@VPrice@@@@UEBA_NXZ 0000000180003694 f   TakionGui:TakionGui.dll
 0001:0000269a       ?NullifyTick@?$TypedNumericRowValue@VPrice@@@@UEAAXXZ 000000018000369a f   TakionGui:TakionGui.dll
 0001:000026a0       ?NullifyLastDiff@?$TypedNumericRowValue@VPrice@@@@UEBAXXZ 00000001800036a0 f   TakionGui:TakionGui.dll
 0001:000026a6       ?Add@?$TypedNumericRowValue@VPrice@@@@UEAA_NAEBVRowValue@@@Z 00000001800036a6 f   TakionGui:TakionGui.dll
 0001:000026ac       ?Subtract@?$TypedNumericRowValue@VPrice@@@@UEAA_NAEBVRowValue@@@Z 00000001800036ac f   TakionGui:TakionGui.dll
 0001:000026b2       ?Adjust@?$TypedUnsignedRowValue@VPrice@@@@UEAA_NAEBVRowValue@@@Z 00000001800036b2 f   TakionGui:TakionGui.dll
 0001:000026b8       ?Reset@?$TypedNumericRowValue@VPrice@@@@UEAAXXZ 00000001800036b8 f   TakionGui:TakionGui.dll
 0001:000026be       ?GetTickMillisecond@?$TypedNumericRowValue@VPrice@@@@UEBAIXZ 00000001800036be f   TakionGui:TakionGui.dll
 0001:000026c4       ?GetPriceValue@PriceRowValue@@UEBA?AVPrice@@XZ 00000001800036c4 f   TakionGui:TakionGui.dll
 0001:000026ca       ?SetPosition@PositionSecurityUIntDevidedByUIntInventoryRowValue@@UEAAXPEBVPositionData@@@Z 00000001800036ca f   TakionGui:TakionGui.dll
 0001:000026d0       ?isComma@?$CommaUnsignedRowValue@VPrice@@@@UEBAPEB_NXZ 00000001800036d0 f   TakionGui:TakionGui.dll
 0001:000026d6       ?SetComma@?$CommaUnsignedRowValue@VPrice@@@@UEAAXPEB_N@Z 00000001800036d6 f   TakionGui:TakionGui.dll
 0001:000026dc       ?GetDecDigits@?$DecUnsignedRowValue@VPrice@@@@UEBAPEBEXZ 00000001800036dc f   TakionGui:TakionGui.dll
 0001:000026e2       ?SetDecDigits@?$DecUnsignedRowValue@VPrice@@@@UEAAXPEBE@Z 00000001800036e2 f   TakionGui:TakionGui.dll
 0001:000026e8       ?isTruncate@?$DecUnsignedRowValue@VPrice@@@@UEBAPEB_NXZ 00000001800036e8 f   TakionGui:TakionGui.dll
 0001:000026ee       ?SetTruncate@?$DecUnsignedRowValue@VPrice@@@@UEAAXPEB_N@Z 00000001800036ee f   TakionGui:TakionGui.dll
 0001:000026f4       ?GetObjectValueCopy@?$TypedRowValue@VPrice@@@@UEBA?AVPrice@@XZ 00000001800036f4 f   TakionGui:TakionGui.dll
 0001:000026fa       ?InitializeValue@PositionSecurityUIntDevidedByUIntInventoryRowValue@@MEAAXXZ 00000001800036fa f   TakionGui:TakionGui.dll
 0001:00002700       ?CalculateTick@?$TypedUnsignedRowValue@VPrice@@@@MEAAXAEBVPrice@@AEAVSignedPrice@@@Z 0000000180003700 f   TakionGui:TakionGui.dll
 0001:00002706       ?GetSecurityObjectValue@PositionSecurityUIntDevidedByUIntAlternateInventoryRowValue@@UEBAAEBIXZ 0000000180003706 f   TakionGui:TakionGui.dll
 0001:0000270c       ?isValueChanged@PositionUIntRowValueNull@@UEBA_NXZ 000000018000370c f   TakionGui:TakionGui.dll
 0001:00002712       ?isValueEmpty@PositionUIntRowValueNull@@UEBA_NXZ 0000000180003712 f   TakionGui:TakionGui.dll
 0001:00002718       ?isObjectValueEmpty@PositionUIntRowValueNull@@UEBA_NXZ 0000000180003718 f   TakionGui:TakionGui.dll
 0001:0000271e       ?SetPosition@PositionUIntRowValue@@UEAAXPEBVPositionData@@@Z 000000018000371e f   TakionGui:TakionGui.dll
 0001:00002724       ?GetObjectValue@PositionUIntRowValueNull@@UEBAAEBIXZ 0000000180003724 f   TakionGui:TakionGui.dll
 0001:0000272a       ?SetValue@PositionUIntRowValueNull@@UEAA_NAEBI@Z 000000018000372a f   TakionGui:TakionGui.dll
 0001:00002730       ?InitializeValue@PositionUIntRowValueNull@@MEAAXXZ 0000000180003730 f   TakionGui:TakionGui.dll
 0001:00002736       ?GetObjectValue@PositionSecurityUIntRowValue@@UEBAAEBIXZ 0000000180003736 f   TakionGui:TakionGui.dll
 0001:0000273c       ?isValueZero@?$TypedNumericRowValue@VPrice@@@@UEBA_NXZ 000000018000373c f   TakionGui:TakionGui.dll
 0001:00002742       ?isObjectValueZero@?$TypedNumericRowValue@VPrice@@@@UEBA_NXZ 0000000180003742 f   TakionGui:TakionGui.dll
 0001:00002748       ?UpdateValue@?$TypedRowValue@VPrice@@@@UEAA_NXZ 0000000180003748 f   TakionGui:TakionGui.dll
 0001:0000274e       ?isValueChanged@?$TypedRowValue@VPrice@@@@UEBA_NXZ 000000018000374e f   TakionGui:TakionGui.dll
 0001:00002754       ?CompareAhead@?$TypedRowValue@VPrice@@@@UEBAFAEBVRowValue@@@Z 0000000180003754 f   TakionGui:TakionGui.dll
 0001:0000275a       ?GetObjectValue@PositionSecurityPriceRowValue@@UEBAAEBVPrice@@XZ 000000018000375a f   TakionGui:TakionGui.dll
 0001:00002760       ?isValueZero@PositionSecurityIntByIntDivision@@UEBA_NXZ 0000000180003760 f   TakionGui:TakionGui.dll
 0001:00002766       ?isObjectValueZero@PositionSecurityIntByIntDivision@@UEBA_NXZ 0000000180003766 f   TakionGui:TakionGui.dll
 0001:0000276c       ?UpdateValue@PositionSecurityIntByIntDivision@@UEAA_NXZ 000000018000376c f   TakionGui:TakionGui.dll
 0001:00002772       ?isValueChanged@PositionSecurityIntByIntDivision@@UEBA_NXZ 0000000180003772 f   TakionGui:TakionGui.dll
 0001:00002778       ?CompareAhead@PositionSecurityIntByIntDivision@@UEBAFAEBVRowValue@@@Z 0000000180003778 f   TakionGui:TakionGui.dll
 0001:0000277e       ?InitializeValue@PositionSecurityIntByIntDivision@@MEAAXXZ 000000018000377e f   TakionGui:TakionGui.dll
 0001:00002784       ?CanBeNegative@?$TypedUnsignedRowValue@E@@UEBA_NXZ 0000000180003784 f   TakionGui:TakionGui.dll
 0001:0000278a       ?CompareValueToZero@?$TypedUnsignedRowValue@E@@UEBAFXZ 000000018000378a f   TakionGui:TakionGui.dll
 0001:00002790       ?isValueZero@?$TypedNumericRowValue@E@@UEBA_NXZ 0000000180003790 f   TakionGui:TakionGui.dll
 0001:00002796       ?isObjectValueZero@?$TypedNumericRowValue@E@@UEBA_NXZ 0000000180003796 f   TakionGui:TakionGui.dll
 0001:0000279c       ?UpdateValue@?$TypedRowValue@E@@UEAA_NXZ 000000018000379c f   TakionGui:TakionGui.dll
 0001:000027a2       ?InitValue@?$TypedRowValue@E@@UEAAXXZ 00000001800037a2 f   TakionGui:TakionGui.dll
 0001:000027a8       ?InitializeValue@?$TypedRowValue@E@@MEAAXXZ 00000001800037a8 f   TakionGui:TakionGui.dll
 0001:000027ae       ?isValueChanged@?$TypedRowValue@E@@UEBA_NXZ 00000001800037ae f   TakionGui:TakionGui.dll
 0001:000027b4       ?toString@UCharAsCharRowValue@@UEBAXAEAV?$basic_string@DU?$char_traits@D@std@@V?$allocator@D@2@@std@@@Z 00000001800037b4 f   TakionGui:TakionGui.dll
 0001:000027ba       ?isValueEmpty@?$TypedRowValue@E@@UEBA_NXZ 00000001800037ba f   TakionGui:TakionGui.dll
 0001:000027c0       ?Compare@?$TypedRowValue@E@@UEBAFAEBVRowValue@@@Z 00000001800037c0 f   TakionGui:TakionGui.dll
 0001:000027c6       ?CompareValue@?$TypedRowValue@E@@UEBAFAEBE@Z 00000001800037c6 f   TakionGui:TakionGui.dll
 0001:000027cc       ?CompareAhead@?$TypedRowValue@E@@UEBAFAEBVRowValue@@@Z 00000001800037cc f   TakionGui:TakionGui.dll
 0001:000027d2       ?isObjectValueEmpty@?$TypedRowValue@E@@UEBA_NXZ 00000001800037d2 f   TakionGui:TakionGui.dll
 0001:000027d8       ?NullifyTick@?$TypedNumericRowValue@E@@UEAAXXZ 00000001800037d8 f   TakionGui:TakionGui.dll
 0001:000027de       ?NullifyLastDiff@?$TypedNumericRowValue@E@@UEBAXXZ 00000001800037de f   TakionGui:TakionGui.dll
 0001:000027e4       ?Add@?$TypedNumericRowValue@E@@UEAA_NAEBVRowValue@@@Z 00000001800037e4 f   TakionGui:TakionGui.dll
 0001:000027ea       ?CompareToZero@?$TypedNumericRowValue@E@@UEBAFAEBC@Z 00000001800037ea f   TakionGui:TakionGui.dll
 0001:000027f0       ?Subtract@?$TypedNumericRowValue@E@@UEAA_NAEBVRowValue@@@Z 00000001800037f0 f   TakionGui:TakionGui.dll
 0001:000027f6       ?Adjust@?$TypedUnsignedRowValue@E@@UEAA_NAEBVRowValue@@@Z 00000001800037f6 f   TakionGui:TakionGui.dll
 0001:000027fc       ?Reset@?$TypedNumericRowValue@E@@UEAAXXZ 00000001800037fc f   TakionGui:TakionGui.dll
 0001:00002802       ?GetTickMillisecond@?$TypedNumericRowValue@E@@UEBAIXZ 0000000180003802 f   TakionGui:TakionGui.dll
 0001:00002808       ?isComma@RowValue@@UEBAPEB_NXZ 0000000180003808 f   TakionGui:TakionGui.dll
 0001:0000280e       ?SetComma@RowValue@@UEAAXPEB_N@Z 000000018000380e f   TakionGui:TakionGui.dll
 0001:00002814       ?GetObjectValue@PositionSecurityUCharAsCharOrdinalRowValue@@UEBAAEBEXZ 0000000180003814 f   TakionGui:TakionGui.dll
 0001:0000281a       ?GetObjectValueCopy@?$TypedRowValue@E@@UEBAEXZ 000000018000381a f   TakionGui:TakionGui.dll
 0001:00002820       ?SetValue@UCharAsCharRowValue@@UEAA_NAEBE@Z 0000000180003820 f   TakionGui:TakionGui.dll
 0001:00002826       ?CalculateTick@?$TypedUnsignedRowValue@E@@MEAAXAEBEAEAC@Z 0000000180003826 f   TakionGui:TakionGui.dll
 0001:0000282c       ?isObjectValueZero@PositionMoneyPerShareInventoryRowValue@@UEBA_NXZ 000000018000382c f   TakionGui:TakionGui.dll
 0001:00002832       ?UpdateValue@PositionMoneyPerShareInventoryRowValue@@UEAA_NXZ 0000000180003832 f   TakionGui:TakionGui.dll
 0001:00002838       ?isValueChanged@PositionMoneyPerShareInventoryRowValue@@UEBA_NXZ 0000000180003838 f   TakionGui:TakionGui.dll
 0001:0000283e       ?CompareAhead@PositionMoneyPerShareInventoryRowValue@@UEBAFAEBVRowValue@@@Z 000000018000383e f   TakionGui:TakionGui.dll
 0001:00002844       ?SetPosition@PositionMoneyInventoryVRowValue@@UEAAXPEBVPositionData@@@Z 0000000180003844 f   TakionGui:TakionGui.dll
 0001:0000284a       ?InitializeValue@PositionMoneyPerShareInventoryRowValue@@MEAAXXZ 000000018000384a f   TakionGui:TakionGui.dll
 0001:00002850       ?CanBeNegative@SecurityPriceXIntAbs@@UEBA_NXZ 0000000180003850 f   TakionGui:TakionGui.dll
 0001:00002856       ?isObjectValueZero@SecurityPriceXInt@@UEBA_NXZ 0000000180003856 f   TakionGui:TakionGui.dll
 0001:0000285c       ?UpdateValue@SecurityPriceXInt@@UEAA_NXZ 000000018000385c f   TakionGui:TakionGui.dll
 0001:00002862       ?isValueChanged@SecurityPriceXInt@@UEBA_NXZ 0000000180003862 f   TakionGui:TakionGui.dll
 0001:00002868       ?CompareAhead@SecurityPriceXInt@@UEBAFAEBVRowValue@@@Z 0000000180003868 f   TakionGui:TakionGui.dll
 0001:0000286e       ?SetSecurity@SecurityPriceXInt@@UEAAXPEBVSecurity@@@Z 000000018000386e f   TakionGui:TakionGui.dll
 0001:00002874       ?InitializeValue@SecurityPriceXInt@@MEAAXXZ 0000000180003874 f   TakionGui:TakionGui.dll
 0001:0000287a       ?CalculateNumber@SecurityPriceXIntAbs@@UEBAHAEBH@Z 000000018000387a f   TakionGui:TakionGui.dll
 0001:00002880       ?isValueZero@SecurityIntByIntDivision@@UEBA_NXZ 0000000180003880 f   TakionGui:TakionGui.dll
 0001:00002886       ?isObjectValueZero@SecurityIntByIntDivision@@UEBA_NXZ 0000000180003886 f   TakionGui:TakionGui.dll
 0001:0000288c       ?UpdateValue@SecurityIntByIntDivisionFraction@@UEAA_NXZ 000000018000388c f   TakionGui:TakionGui.dll
 0001:00002892       ?isValueChanged@SecurityIntByIntDivision@@UEBA_NXZ 0000000180003892 f   TakionGui:TakionGui.dll
 0001:00002898       ?CompareAhead@SecurityIntByIntDivisionFraction@@UEBAFAEBVRowValue@@@Z 0000000180003898 f   TakionGui:TakionGui.dll
 0001:0000289e       ?SetSecurity@SecurityIntByIntDivision@@UEAAXPEBVSecurity@@@Z 000000018000389e f   TakionGui:TakionGui.dll
 0001:000028a4       ?InitializeValue@SecurityIntByIntDivisionFraction@@MEAAXXZ 00000001800038a4 f   TakionGui:TakionGui.dll
 0001:000028aa       ?CanBeNegative@SecurityUIntByIntDivision@@UEBA_NXZ 00000001800038aa f   TakionGui:TakionGui.dll
 0001:000028b0       ?isValueZero@SecurityUIntByIntDivisionNegative@@UEBA_NXZ 00000001800038b0 f   TakionGui:TakionGui.dll
 0001:000028b6       ?isObjectValueZero@SecurityUIntByIntDivisionNegative@@UEBA_NXZ 00000001800038b6 f   TakionGui:TakionGui.dll
 0001:000028bc       ?UpdateValue@SecurityUIntByIntDivisionNegative@@UEAA_NXZ 00000001800038bc f   TakionGui:TakionGui.dll
 0001:000028c2       ?isValueChanged@SecurityUIntByIntDivisionNegative@@UEBA_NXZ 00000001800038c2 f   TakionGui:TakionGui.dll
 0001:000028c8       ?CompareAhead@SecurityUIntByIntDivisionNegative@@UEBAFAEBVRowValue@@@Z 00000001800038c8 f   TakionGui:TakionGui.dll
 0001:000028ce       ?SetSecurity@SecurityUIntByIntDivisionNegative@@UEAAXPEBVSecurity@@@Z 00000001800038ce f   TakionGui:TakionGui.dll
 0001:000028d4       ?InitializeValue@SecurityUIntByIntDivisionNegative@@MEAAXXZ 00000001800038d4 f   TakionGui:TakionGui.dll
 0001:000028da       ?CalculateValue@SecurityUIntByIntDivisionFraction@@UEBA?AVMoney@@XZ 00000001800038da f   TakionGui:TakionGui.dll
 0001:000028e0       ?DeriveValue@SecurityUIntByIntDivisionFraction@@UEBA?AVMoney@@XZ 00000001800038e0 f   TakionGui:TakionGui.dll
 0001:000028e6       ?CanBeNegative@SecurityPriceRowValueDiffAbs@@UEBA_NXZ 00000001800038e6 f   TakionGui:TakionGui.dll
 0001:000028ec       ?CompareValueToZero@?$TypedNumericRowValue@VSignedPrice@@@@UEBAFXZ 00000001800038ec f   TakionGui:TakionGui.dll
 0001:000028f2       ?isValueZero@SecurityPriceRowValueDiff@@UEBA_NXZ 00000001800038f2 f   TakionGui:TakionGui.dll
 0001:000028f8       ?isObjectValueZero@SecurityPriceRowValueDiff@@UEBA_NXZ 00000001800038f8 f   TakionGui:TakionGui.dll
 0001:000028fe       ?UpdateValue@SecurityPriceRowValueDiff@@UEAA_NXZ 00000001800038fe f   TakionGui:TakionGui.dll
 0001:00002904       ?SetValue@?$TypedNumericRowValue@VSignedPrice@@@@UEAA_NAEBVSignedPrice@@@Z 0000000180003904 f   TakionGui:TakionGui.dll
 0001:0000290a       ?CompareToZero@?$TypedNumericRowValue@VSignedPrice@@@@UEBAFAEBVSignedPrice@@@Z 000000018000390a f   TakionGui:TakionGui.dll
 0001:00002910       ?CalculateTick@?$TypedNumericRowValue@VSignedPrice@@@@MEAAXAEBVSignedPrice@@AEAV2@@Z 0000000180003910 f   TakionGui:TakionGui.dll
 0001:00002916       ?InitValue@?$TypedRowValue@VSignedPrice@@@@UEAAXXZ 0000000180003916 f   TakionGui:TakionGui.dll
 0001:0000291c       ?GetObjectValue@?$TypedRowValue@VSignedPrice@@@@UEBAAEBVSignedPrice@@XZ 000000018000391c f   TakionGui:TakionGui.dll
 0001:00002922       ?isValueChanged@SecurityPriceRowValueDiff@@UEBA_NXZ 0000000180003922 f   TakionGui:TakionGui.dll
 0001:00002928       ?toString@SignedPriceRowValue@@UEBAXAEAV?$basic_string@DU?$char_traits@D@std@@V?$allocator@D@2@@std@@@Z 0000000180003928 f   TakionGui:TakionGui.dll
 0001:0000292e       ?isValueEmpty@?$TypedRowValue@VSignedPrice@@@@UEBA_NXZ 000000018000392e f   TakionGui:TakionGui.dll
 0001:00002934       ?Compare@?$TypedRowValue@VSignedPrice@@@@UEBAFAEBVRowValue@@@Z 0000000180003934 f   TakionGui:TakionGui.dll
 0001:0000293a       ?CompareValue@?$TypedRowValue@VSignedPrice@@@@UEBAFAEBVSignedPrice@@@Z 000000018000393a f   TakionGui:TakionGui.dll
 0001:00002940       ?CompareAhead@SecurityPriceRowValueDiff@@UEBAFAEBVRowValue@@@Z 0000000180003940 f   TakionGui:TakionGui.dll
 0001:00002946       ?isObjectValueEmpty@?$TypedRowValue@VSignedPrice@@@@UEBA_NXZ 0000000180003946 f   TakionGui:TakionGui.dll
 0001:0000294c       ?NullifyTick@?$TypedNumericRowValue@VSignedPrice@@@@UEAAXXZ 000000018000394c f   TakionGui:TakionGui.dll
 0001:00002952       ?NullifyLastDiff@?$TypedNumericRowValue@VSignedPrice@@@@UEBAXXZ 0000000180003952 f   TakionGui:TakionGui.dll
 0001:00002958       ?Add@?$TypedNumericRowValue@VSignedPrice@@@@UEAA_NAEBVRowValue@@@Z 0000000180003958 f   TakionGui:TakionGui.dll
 0001:0000295e       ?Subtract@?$TypedNumericRowValue@VSignedPrice@@@@UEAA_NAEBVRowValue@@@Z 000000018000395e f   TakionGui:TakionGui.dll
 0001:00002964       ?Adjust@?$TypedNumericRowValue@VSignedPrice@@@@UEAA_NAEBVRowValue@@@Z 0000000180003964 f   TakionGui:TakionGui.dll
 0001:0000296a       ?Reset@?$TypedNumericRowValue@VSignedPrice@@@@UEAAXXZ 000000018000396a f   TakionGui:TakionGui.dll
 0001:00002970       ?GetTickMillisecond@?$TypedNumericRowValue@VSignedPrice@@@@UEBAIXZ 0000000180003970 f   TakionGui:TakionGui.dll
 0001:00002976       ?SetSecurity@SecurityPriceRowValueDiff@@UEAAXPEBVSecurity@@@Z 0000000180003976 f   TakionGui:TakionGui.dll
 0001:0000297c       ?isComma@?$CommaRowValue@VSignedPrice@@@@UEBAPEB_NXZ 000000018000397c f   TakionGui:TakionGui.dll
 0001:00002982       ?SetComma@?$CommaRowValue@VSignedPrice@@@@UEAAXPEB_N@Z 0000000180003982 f   TakionGui:TakionGui.dll
 0001:00002988       ?GetDecDigits@?$DecRowValue@VSignedPrice@@@@UEBAPEBEXZ 0000000180003988 f   TakionGui:TakionGui.dll
 0001:0000298e       ?SetDecDigits@?$DecRowValue@VSignedPrice@@@@UEAAXPEBE@Z 000000018000398e f   TakionGui:TakionGui.dll
 0001:00002994       ?isTruncate@?$DecRowValue@VSignedPrice@@@@UEBAPEB_NXZ 0000000180003994 f   TakionGui:TakionGui.dll
 0001:0000299a       ?SetTruncate@?$DecRowValue@VSignedPrice@@@@UEAAXPEB_N@Z 000000018000399a f   TakionGui:TakionGui.dll
 0001:000029a0       ?GetObjectValueCopy@?$TypedRowValue@VSignedPrice@@@@UEBA?AVSignedPrice@@XZ 00000001800039a0 f   TakionGui:TakionGui.dll
 0001:000029a6       ?InitializeValue@SecurityPriceRowValueDiff@@MEAAXXZ 00000001800039a6 f   TakionGui:TakionGui.dll
 0001:000029ac       ?DeriveValue@SecurityPriceRowValueDiffAbs@@UEBA?AVSignedPrice@@AEBVPrice@@0@Z 00000001800039ac f   TakionGui:TakionGui.dll
 0001:000029b2       ?CompareValueToZero@?$TypedNumericRowValue@H@@UEBAFXZ 00000001800039b2 f   TakionGui:TakionGui.dll
 0001:000029b8       ?isValueZero@SecurityIntRowValueDiff@@UEBA_NXZ 00000001800039b8 f   TakionGui:TakionGui.dll
 0001:000029be       ?isObjectValueZero@SecurityIntRowValueDiff@@UEBA_NXZ 00000001800039be f   TakionGui:TakionGui.dll
 0001:000029c4       ?UpdateValue@SecurityIntRowValueDiff@@UEAA_NXZ 00000001800039c4 f   TakionGui:TakionGui.dll
 0001:000029ca       ?SetValue@?$TypedNumericRowValue@H@@UEAA_NAEBH@Z 00000001800039ca f   TakionGui:TakionGui.dll
 0001:000029d0       ?CompareToZero@?$TypedNumericRowValue@H@@UEBAFAEBH@Z 00000001800039d0 f   TakionGui:TakionGui.dll
 0001:000029d6       ?CalculateTick@?$TypedNumericRowValue@H@@MEAAXAEBHAEAH@Z 00000001800039d6 f   TakionGui:TakionGui.dll
 0001:000029dc       ?InitValue@?$TypedRowValue@H@@UEAAXXZ 00000001800039dc f   TakionGui:TakionGui.dll
 0001:000029e2       ?GetObjectValue@?$TypedRowValue@H@@UEBAAEBHXZ 00000001800039e2 f   TakionGui:TakionGui.dll
 0001:000029e8       ?isValueChanged@SecurityIntRowValueDiff@@UEBA_NXZ 00000001800039e8 f   TakionGui:TakionGui.dll
 0001:000029ee       ?toString@IntRowValue@@UEBAXAEAV?$basic_string@DU?$char_traits@D@std@@V?$allocator@D@2@@std@@@Z 00000001800039ee f   TakionGui:TakionGui.dll
 0001:000029f4       ?Compare@?$TypedRowValue@H@@UEBAFAEBVRowValue@@@Z 00000001800039f4 f   TakionGui:TakionGui.dll
 0001:000029fa       ?CompareValue@?$TypedRowValue@H@@UEBAFAEBH@Z 00000001800039fa f   TakionGui:TakionGui.dll
 0001:00002a00       ?CompareAhead@SecurityIntRowValueDiff@@UEBAFAEBVRowValue@@@Z 0000000180003a00 f   TakionGui:TakionGui.dll
 0001:00002a06       ?isValueEmpty@?$TypedRowValue@H@@UEBA_NXZ 0000000180003a06 f   TakionGui:TakionGui.dll
 0001:00002a0c       ?isObjectValueEmpty@?$TypedRowValue@H@@UEBA_NXZ 0000000180003a0c f   TakionGui:TakionGui.dll
 0001:00002a12       ?NullifyTick@?$TypedNumericRowValue@H@@UEAAXXZ 0000000180003a12 f   TakionGui:TakionGui.dll
 0001:00002a18       ?NullifyLastDiff@?$TypedNumericRowValue@H@@UEBAXXZ 0000000180003a18 f   TakionGui:TakionGui.dll
 0001:00002a1e       ?Add@?$TypedNumericRowValue@H@@UEAA_NAEBVRowValue@@@Z 0000000180003a1e f   TakionGui:TakionGui.dll
 0001:00002a24       ?Subtract@?$TypedNumericRowValue@H@@UEAA_NAEBVRowValue@@@Z 0000000180003a24 f   TakionGui:TakionGui.dll
 0001:00002a2a       ?Adjust@?$TypedNumericRowValue@H@@UEAA_NAEBVRowValue@@@Z 0000000180003a2a f   TakionGui:TakionGui.dll
 0001:00002a30       ?Reset@?$TypedNumericRowValue@H@@UEAAXXZ 0000000180003a30 f   TakionGui:TakionGui.dll
 0001:00002a36       ?GetTickMillisecond@?$TypedNumericRowValue@H@@UEBAIXZ 0000000180003a36 f   TakionGui:TakionGui.dll
 0001:00002a3c       ?GetIntValue@IntRowValue@@UEBAHXZ 0000000180003a3c f   TakionGui:TakionGui.dll
 0001:00002a42       ?SetSecurity@SecurityIntRowValueDiff@@UEAAXPEBVSecurity@@@Z 0000000180003a42 f   TakionGui:TakionGui.dll
 0001:00002a48       ?isComma@?$CommaRowValue@H@@UEBAPEB_NXZ 0000000180003a48 f   TakionGui:TakionGui.dll
 0001:00002a4e       ?SetComma@?$CommaRowValue@H@@UEAAXPEB_N@Z 0000000180003a4e f   TakionGui:TakionGui.dll
 0001:00002a54       ?GetObjectValueCopy@?$TypedRowValue@H@@UEBAHXZ 0000000180003a54 f   TakionGui:TakionGui.dll
 0001:00002a5a       ?InitializeValue@SecurityIntRowValueDiff@@MEAAXXZ 0000000180003a5a f   TakionGui:TakionGui.dll
 0001:00002a60       ??3@YAXPEAX@Z              0000000180003a60 f   mfc140:mfc140.dll
 0001:00002a66       ??2@YAPEAX_K@Z             0000000180003a66 f   mfc140:mfc140.dll
 0001:00002a6c       ?GetRuntimeClass@CWinApp@@UEBAPEAUCRuntimeClass@@XZ 0000000180003a6c f   mfc140:mfc140.dll
 0001:00002a72       ?OnCmdMsg@CCmdTarget@@UEAAHIHPEAXPEAUAFX_CMDHANDLERINFO@@@Z 0000000180003a72 f   mfc140:mfc140.dll
 0001:00002a78       ?OnFinalRelease@CCmdTarget@@UEAAXXZ 0000000180003a78 f   mfc140:mfc140.dll
 0001:00002a7e       ?IsInvokeAllowed@CCmdTarget@@UEAAHJ@Z 0000000180003a7e f   mfc140:mfc140.dll
 0001:00002a84       ?GetDispatchIID@CCmdTarget@@UEAAHPEAU_GUID@@@Z 0000000180003a84 f   mfc140:mfc140.dll
 0001:00002a8a       ?GetTypeInfoCount@CCmdTarget@@UEAAIXZ 0000000180003a8a f   mfc140:mfc140.dll
 0001:00002a90       ?GetTypeLibCache@CCmdTarget@@UEAAPEAVCTypeLibCache@@XZ 0000000180003a90 f   mfc140:mfc140.dll
 0001:00002a96       ?GetTypeLib@CCmdTarget@@UEAAJKPEAPEAUITypeLib@@@Z 0000000180003a96 f   mfc140:mfc140.dll
 0001:00002a9c       ?GetMessageMap@CWinApp@@MEBAPEBUAFX_MSGMAP@@XZ 0000000180003a9c f   mfc140:mfc140.dll
 0001:00002aa2       ?GetCommandMap@CCmdTarget@@MEBAPEBUAFX_OLECMDMAP@@XZ 0000000180003aa2 f   mfc140:mfc140.dll
 0001:00002aa8       ?GetDispatchMap@CCmdTarget@@MEBAPEBUAFX_DISPMAP@@XZ 0000000180003aa8 f   mfc140:mfc140.dll
 0001:00002aae       ?GetConnectionMap@CCmdTarget@@MEBAPEBUAFX_CONNECTIONMAP@@XZ 0000000180003aae f   mfc140:mfc140.dll
 0001:00002ab4       ?GetInterfaceMap@CCmdTarget@@MEBAPEBUAFX_INTERFACEMAP@@XZ 0000000180003ab4 f   mfc140:mfc140.dll
 0001:00002aba       ?GetEventSinkMap@CCmdTarget@@MEBAPEBUAFX_EVENTSINKMAP@@XZ 0000000180003aba f   mfc140:mfc140.dll
 0001:00002ac0       ?OnCreateAggregates@CCmdTarget@@UEAAHXZ 0000000180003ac0 f   mfc140:mfc140.dll
 0001:00002ac6       ?GetInterfaceHook@CCmdTarget@@UEAAPEAUIUnknown@@PEBX@Z 0000000180003ac6 f   mfc140:mfc140.dll
 0001:00002acc       ?GetExtraConnectionPoints@CCmdTarget@@MEAAHPEAVCPtrArray@@@Z 0000000180003acc f   mfc140:mfc140.dll
 0001:00002ad2       ?GetConnectionHook@CCmdTarget@@MEAAPEAUIConnectionPoint@@AEBU_GUID@@@Z 0000000180003ad2 f   mfc140:mfc140.dll
 0001:00002ad8       ?Run@CWinApp@@UEAAHXZ      0000000180003ad8 f   mfc140:mfc140.dll
 0001:00002ade       ?PreTranslateMessage@CWinThread@@UEAAHPEAUtagMSG@@@Z 0000000180003ade f   mfc140:mfc140.dll
 0001:00002ae4       ?PumpMessage@CWinThread@@UEAAHXZ 0000000180003ae4 f   mfc140:mfc140.dll
 0001:00002aea       ?OnIdle@CWinApp@@UEAAHJ@Z  0000000180003aea f   mfc140:mfc140.dll
 0001:00002af0       ?IsIdleMessage@CWinThread@@UEAAHPEAUtagMSG@@@Z 0000000180003af0 f   mfc140:mfc140.dll
 0001:00002af6       ?ProcessWndProcException@CWinApp@@UEAA_JPEAVCException@@PEBUtagMSG@@@Z 0000000180003af6 f   mfc140:mfc140.dll
 0001:00002afc       ?ProcessMessageFilter@CWinThread@@UEAAHHPEAUtagMSG@@@Z 0000000180003afc f   mfc140:mfc140.dll
 0001:00002b02       ?GetMainWnd@CWinThread@@UEAAPEAVCWnd@@XZ 0000000180003b02 f   mfc140:mfc140.dll
 0001:00002b08       ?Delete@CWinThread@@UEAAXXZ 0000000180003b08 f   mfc140:mfc140.dll
 0001:00002b0e       ?GetProfileIntA@CWinApp@@UEAAIPEBD0H@Z 0000000180003b0e f   mfc140:mfc140.dll
 0001:00002b14       ?WriteProfileInt@CWinApp@@UEAAHPEBD0H@Z 0000000180003b14 f   mfc140:mfc140.dll
 0001:00002b1a       ?GetProfileStringA@CWinApp@@UEAA?AV?$CStringT@DV?$StrTraitMFC_DLL@DV?$ChTraitsCRT@D@ATL@@@@@ATL@@PEBD00@Z 0000000180003b1a f   mfc140:mfc140.dll
 0001:00002b20       ?WriteProfileStringA@CWinApp@@UEAAHPEBD00@Z 0000000180003b20 f   mfc140:mfc140.dll
 0001:00002b26       ?GetProfileBinary@CWinApp@@UEAAHPEBD0PEAPEAEPEAI@Z 0000000180003b26 f   mfc140:mfc140.dll
 0001:00002b2c       ?WriteProfileBinary@CWinApp@@UEAAHPEBD0PEAEI@Z 0000000180003b2c f   mfc140:mfc140.dll
 0001:00002b32       ?InitLibId@CWinApp@@UEAAXXZ 0000000180003b32 f   mfc140:mfc140.dll
 0001:00002b38       ?Register@CWinApp@@UEAAHXZ 0000000180003b38 f   mfc140:mfc140.dll
 0001:00002b3e       ?Unregister@CWinApp@@UEAAHXZ 0000000180003b3e f   mfc140:mfc140.dll
 0001:00002b44       ?OpenDocumentFile@CWinApp@@UEAAPEAVCDocument@@PEBDH@Z 0000000180003b44 f   mfc140:mfc140.dll
 0001:00002b4a       ?OpenDocumentFile@CWinApp@@UEAAPEAVCDocument@@PEBD@Z 0000000180003b4a f   mfc140:mfc140.dll
 0001:00002b50       ?AddToRecentFileList@CWinApp@@UEAAXPEBD@Z 0000000180003b50 f   mfc140:mfc140.dll
 0001:00002b56       ?InitApplication@CWinApp@@UEAAHXZ 0000000180003b56 f   mfc140:mfc140.dll
 0001:00002b5c       ?SaveAllModified@CWinApp@@UEAAHXZ 0000000180003b5c f   mfc140:mfc140.dll
 0001:00002b62       ?DoMessageBox@CWinApp@@UEAAHPEBDII@Z 0000000180003b62 f   mfc140:mfc140.dll
 0001:00002b68       ?DoWaitCursor@CWinApp@@UEAAXH@Z 0000000180003b68 f   mfc140:mfc140.dll
 0001:00002b6e       ?OnDDECommand@CWinApp@@UEAAHPEAD@Z 0000000180003b6e f   mfc140:mfc140.dll
 0001:00002b74       ?WinHelpA@CWinApp@@UEAAX_KI@Z 0000000180003b74 f   mfc140:mfc140.dll
 0001:00002b7a       ?HtmlHelpA@CWinApp@@UEAAX_KI@Z 0000000180003b7a f   mfc140:mfc140.dll
 0001:00002b80       ?WinHelpInternal@CWinApp@@UEAAX_KI@Z 0000000180003b80 f   mfc140:mfc140.dll
 0001:00002b86       ?RegisterWithRestartManager@CWinApp@@UEAAJPEB_WKP6AKPEAX@Z1KK@Z 0000000180003b86 f   mfc140:mfc140.dll
 0001:00002b8c       ?RegisterWithRestartManager@CWinApp@@UEAAJHAEBV?$CStringT@DV?$StrTraitMFC_DLL@DV?$ChTraitsCRT@D@ATL@@@@@ATL@@@Z 0000000180003b8c f   mfc140:mfc140.dll
 0001:00002b92       ?ApplicationRecoveryCallback@CWinApp@@UEAAKPEAX@Z 0000000180003b92 f   mfc140:mfc140.dll
 0001:00002b98       ?GetDataRecoveryHandler@CWinApp@@UEAAPEAVCDataRecoveryHandler@@XZ 0000000180003b98 f   mfc140:mfc140.dll
 0001:00002b9e       ?IsTaskbarInteractionEnabled@CWinApp@@UEAAHXZ 0000000180003b9e f   mfc140:mfc140.dll
 0001:00002ba4       ?RestartInstance@CWinApp@@UEAAHXZ 0000000180003ba4 f   mfc140:mfc140.dll
 0001:00002baa       ?LoadAppLangResourceDLL@CWinApp@@UEAAPEAUHINSTANCE__@@XZ 0000000180003baa f   mfc140:mfc140.dll
 0001:00002bb0       ?LoadSysPolicies@CWinApp@@UEAAHXZ 0000000180003bb0 f   mfc140:mfc140.dll
 0001:00002bb8       RawDllMain                 0000000180003bb8 f   mfcs140:dllmodul.obj
 0001:00002c14       ??_E_AFX_DLL_MODULE_STATE@@UEAAPEAXI@Z 0000000180003c14 f i mfcs140:dllmodul.obj
 0001:00002c14       ??_G_AFX_DLL_MODULE_STATE@@UEAAPEAXI@Z 0000000180003c14 f i mfcs140:dllmodul.obj
 0001:00002c58       ?AfxWndProcDllStatic@@YA_JPEAUHWND__@@I_K_J@Z 0000000180003c58 f   mfcs140:dllmodul.obj
 0001:00002ccc       DllMain                    0000000180003ccc f   mfcs140:dllmodul.obj
 0001:00002d14       InternalDllMain            0000000180003d14 f   mfcs140:dllmodul.obj
 0001:00002ec0       ??2CObject@@SAPEAX_K@Z     0000000180003ec0 f i mfcs140:dllmodulx.obj
 0001:00002ec8       ?AfxGetApp@@YAPEAVCWinApp@@XZ 0000000180003ec8 f i mfcs140:dllmodulx.obj
 0001:00002ef0       __security_check_cookie    0000000180003ef0 f   msvcrt:_amdsecgs_.obj
 0001:00002f14       ??3@YAXPEAX_K@Z            0000000180003f14 f   msvcrt:delete_scalar_size.obj
 0001:00002f1c       ??_Etype_info@@UEAAPEAXI@Z 0000000180003f1c f i msvcrt:std_type_info_static.obj
 0001:00002f1c       ??_Gtype_info@@UEAAPEAXI@Z 0000000180003f1c f i msvcrt:std_type_info_static.obj
 0001:00002f48       __scrt_acquire_startup_lock 0000000180003f48 f   msvcrt:utility.obj
 0001:00002f84       __scrt_dllmain_after_initialize_c 0000000180003f84 f   msvcrt:utility.obj
 0001:00002fb8       __scrt_dllmain_before_initialize_c 0000000180003fb8 f   msvcrt:utility.obj
 0001:00002fd0       __scrt_dllmain_crt_thread_attach 0000000180003fd0 f   msvcrt:utility.obj
 0001:00002ff8       __scrt_dllmain_crt_thread_detach 0000000180003ff8 f   msvcrt:utility.obj
 0001:00003010       __scrt_dllmain_exception_filter 0000000180004010 f   msvcrt:utility.obj
 0001:00003074       __scrt_dllmain_uninitialize_c 0000000180004074 f   msvcrt:utility.obj
 0001:000030a4       __scrt_dllmain_uninitialize_critical 00000001800040a4 f   msvcrt:utility.obj
 0001:000030b8       __scrt_initialize_crt      00000001800040b8 f   msvcrt:utility.obj
 0001:00003104       __scrt_initialize_onexit_tables 0000000180004104 f   msvcrt:utility.obj
 0001:000031d0       __scrt_is_nonwritable_in_current_image 00000001800041d0 f   msvcrt:utility.obj
 0001:0000326c       __scrt_release_startup_lock 000000018000426c f   msvcrt:utility.obj
 0001:00003290       __scrt_uninitialize_crt    0000000180004290 f   msvcrt:utility.obj
 0001:000032bc       _onexit                    00000001800042bc f   msvcrt:utility.obj
 0001:0000330c       atexit                     000000018000430c f   msvcrt:utility.obj
 0001:000037b8       _DllMainCRTStartup         00000001800047b8 f   msvcrt:dll_dllmain.obj
 0001:000037f8       _guard_check_icall         00000001800047f8 f i msvcrt:checkcfg.obj
 0001:00003800       __raise_securityfailure    0000000180004800 f   msvcrt:gs_report.obj
 0001:00003834       __report_gsfailure         0000000180004834 f   msvcrt:gs_report.obj
 0001:0000397c       __isa_available_init       000000018000497c f   msvcrt:_cpu_disp_.obj
 0001:00003b44       _get_startup_argv_mode     0000000180004b44 f   msvcrt:argv_mode.obj
 0001:00003b4c       __scrt_is_ucrt_dll_in_use  0000000180004b4c f   msvcrt:ucrt_detection.obj
 0001:00003b58       __scrt_fastfail            0000000180004b58 f   msvcrt:utility_desktop.obj
 0001:00003ca0       __security_init_cookie     0000000180004ca0 f   msvcrt:gs_support.obj
 0001:00003d4c       ?__scrt_initialize_type_info@@YAXXZ 0000000180004d4c f   msvcrt:tncleanup.obj
 0001:00003d5c       ?__scrt_uninitialize_type_info@@YAXXZ 0000000180004d5c f   msvcrt:tncleanup.obj
 0001:00003d68       __local_stdio_printf_options 0000000180004d68 f i msvcrt:default_local_stdio_options.obj
 0001:00003d70       __local_stdio_scanf_options 0000000180004d70 f i msvcrt:default_local_stdio_options.obj
 0001:00003d78       __scrt_initialize_default_local_stdio_options 0000000180004d78 f   msvcrt:default_local_stdio_options.obj
 0001:00003d94       __scrt_get_dyn_tls_init_callback 0000000180004d94 f   msvcrt:dyn_tls_init.obj
 0001:00003d9c       _RTC_Initialize            0000000180004d9c f   msvcrt:_initsect_.obj
 0001:00003de8       _RTC_Terminate             0000000180004de8 f   msvcrt:_initsect_.obj
 0001:00003e34       __GSHandlerCheck           0000000180004e34 f   msvcrt:_gshandler_.obj
 0001:00003e54       __GSHandlerCheckCommon     0000000180004e54 f   msvcrt:_gshandler_.obj
 0001:00003eb0       IsProcessorFeaturePresent  0000000180004eb0 f   kernel32:KERNEL32.dll
 0001:00003eb8       ??0CAtlBaseModule@ATL@@QEAA@XZ 0000000180004eb8 f   atls:atlbase.obj
 0001:00003f60       ??1CAtlBaseModule@ATL@@QEAA@XZ 0000000180004f60 f   atls:atlbase.obj
 0001:00003f94       memset                     0000000180004f94 f   vcruntime:VCRUNTIME140.dll
 0001:00003f9a       __C_specific_handler       0000000180004f9a f   vcruntime:VCRUNTIME140.dll
 0001:00003fa0       __CxxFrameHandler3         0000000180004fa0 f   vcruntime:VCRUNTIME140.dll
 0001:00003fa6       __vcrt_InitializeCriticalSectionEx 0000000180004fa6 f   vcruntime:VCRUNTIME140.dll
 0001:00003fac       __std_type_info_destroy_list 0000000180004fac f   vcruntime:VCRUNTIME140.dll
 0001:00003fb2       free                       0000000180004fb2 f   ucrt:api-ms-win-crt-heap-l1-1-0.dll
 0001:00003fb8       _seh_filter_dll            0000000180004fb8 f   ucrt:api-ms-win-crt-runtime-l1-1-0.dll
 0001:00003fbe       _configure_narrow_argv     0000000180004fbe f   ucrt:api-ms-win-crt-runtime-l1-1-0.dll
 0001:00003fc4       _initialize_narrow_environment 0000000180004fc4 f   ucrt:api-ms-win-crt-runtime-l1-1-0.dll
 0001:00003fca       _initialize_onexit_table   0000000180004fca f   ucrt:api-ms-win-crt-runtime-l1-1-0.dll
 0001:00003fd0       _register_onexit_function  0000000180004fd0 f   ucrt:api-ms-win-crt-runtime-l1-1-0.dll
 0001:00003fd6       _execute_onexit_table      0000000180004fd6 f   ucrt:api-ms-win-crt-runtime-l1-1-0.dll
 0001:00003fdc       _crt_atexit                0000000180004fdc f   ucrt:api-ms-win-crt-runtime-l1-1-0.dll
 0001:00003fe2       _cexit                     0000000180004fe2 f   ucrt:api-ms-win-crt-runtime-l1-1-0.dll
 0001:00003fe8       _initterm                  0000000180004fe8 f   ucrt:api-ms-win-crt-runtime-l1-1-0.dll
 0001:00003fee       _initterm_e                0000000180004fee f   ucrt:api-ms-win-crt-runtime-l1-1-0.dll
 0001:00003ff4       ?Delete@CException@@QEAAXXZ 0000000180004ff4 f   mfc140:mfc140.dll
 0001:00003ffa       ??3CNoTrackObject@@SAXPEAX@Z 0000000180004ffa f   mfc140:mfc140.dll
 0001:00004000       ??0AFX_MODULE_STATE@@QEAA@HP6A_JPEAUHWND__@@I_K_J@ZKH@Z 0000000180005000 f   mfc140:mfc140.dll
 0001:00004006       ??1AFX_MODULE_STATE@@UEAA@XZ 0000000180005006 f   mfc140:mfc140.dll
 0001:0000400c       ?AfxSetModuleState@@YAPEAVAFX_MODULE_STATE@@PEAV1@@Z 000000018000500c f   mfc140:mfc140.dll
 0001:00004012       ?AfxGetModuleState@@YAPEAVAFX_MODULE_STATE@@XZ 0000000180005012 f   mfc140:mfc140.dll
 0001:00004018       ??0AFX_MAINTAIN_STATE2@@QEAA@PEAVAFX_MODULE_STATE@@@Z 0000000180005018 f   mfc140:mfc140.dll
 0001:0000401e       ??1AFX_MAINTAIN_STATE2@@QEAA@XZ 000000018000501e f   mfc140:mfc140.dll
 0001:00004024       ?AfxWinInit@@YAHPEAUHINSTANCE__@@0PEADH@Z 0000000180005024 f   mfc140:mfc140.dll
 0001:0000402a       ?AfxWndProc@@YA_JPEAUHWND__@@I_K_J@Z 000000018000502a f   mfc140:mfc140.dll
 0001:00004030       ?AfxTermThread@@YAXPEAUHINSTANCE__@@@Z 0000000180005030 f   mfc140:mfc140.dll
 0001:00004036       ?AfxWinTerm@@YAXXZ         0000000180005036 f   mfc140:mfc140.dll
 0001:0000403c       ??0CDynLinkLibrary@@QEAA@AEAUAFX_EXTENSION_MODULE@@H@Z 000000018000503c f   mfc140:mfc140.dll
 0001:00004042       ?AfxInitExtensionModule@@YAHAEAUAFX_EXTENSION_MODULE@@PEAUHINSTANCE__@@@Z 0000000180005042 f   mfc140:mfc140.dll
 0001:00004048       ?AfxTermExtensionModule@@YAXAEAUAFX_EXTENSION_MODULE@@H@Z 0000000180005048 f   mfc140:mfc140.dll
 0001:0000404e       ?AfxCoreInitModule@@YAXXZ  000000018000504e f   mfc140:mfc140.dll
 0001:00004054       ?AfxLockTempMaps@@YAXXZ    0000000180005054 f   mfc140:mfc140.dll
 0001:0000405a       ?AfxUnlockTempMaps@@YAHH@Z 000000018000505a f   mfc140:mfc140.dll
 0001:00004060       _RawDllMainProxy           0000000180005060 f   mfcs140:rawdllmainproxy.obj
 0001:00004180       _guard_dispatch_icall_nop  0000000180005180 f   msvcrt:_guard_dispatch_.obj
 0002:00000000       __imp_OutputDebugStringW   0000000180006000     kernel32:KERNEL32.dll
 0002:00000008       __imp_InitializeCriticalSectionEx 0000000180006008     kernel32:KERNEL32.dll
 0002:00000010       __imp_GetLastError         0000000180006010     kernel32:KERNEL32.dll
 0002:00000018       __imp_InitializeSListHead  0000000180006018     kernel32:KERNEL32.dll
 0002:00000020       __imp_GetSystemTimeAsFileTime 0000000180006020     kernel32:KERNEL32.dll
 0002:00000028       __imp_GetCurrentThreadId   0000000180006028     kernel32:KERNEL32.dll
 0002:00000030       __imp_GetCurrentProcessId  0000000180006030     kernel32:KERNEL32.dll
 0002:00000038       __imp_QueryPerformanceCounter 0000000180006038     kernel32:KERNEL32.dll
 0002:00000040       __imp_IsDebuggerPresent    0000000180006040     kernel32:KERNEL32.dll
 0002:00000048       __imp_IsProcessorFeaturePresent 0000000180006048     kernel32:KERNEL32.dll
 0002:00000050       __imp_TerminateProcess     0000000180006050     kernel32:KERNEL32.dll
 0002:00000058       __imp_GetCurrentProcess    0000000180006058     kernel32:KERNEL32.dll
 0002:00000060       __imp_SetUnhandledExceptionFilter 0000000180006060     kernel32:KERNEL32.dll
 0002:00000068       __imp_UnhandledExceptionFilter 0000000180006068     kernel32:KERNEL32.dll
 0002:00000070       __imp_RtlVirtualUnwind     0000000180006070     kernel32:KERNEL32.dll
 0002:00000078       __imp_RtlLookupFunctionEntry 0000000180006078     kernel32:KERNEL32.dll
 0002:00000080       __imp_RtlCaptureContext    0000000180006080     kernel32:KERNEL32.dll
 0002:00000088       __imp_GetProcAddress       0000000180006088     kernel32:KERNEL32.dll
 0002:00000090       __imp_GetModuleHandleW     0000000180006090     kernel32:KERNEL32.dll
 0002:00000098       __imp_CreateEventW         0000000180006098     kernel32:KERNEL32.dll
 0002:000000a0       __imp_CloseHandle          00000001800060a0     kernel32:KERNEL32.dll
 0002:000000a8       __imp_LocalFree            00000001800060a8     kernel32:KERNEL32.dll
 0002:000000b0       __imp_LocalAlloc           00000001800060b0     kernel32:KERNEL32.dll
 0002:000000b8       __imp_DeleteCriticalSection 00000001800060b8     kernel32:KERNEL32.dll
 0002:000000c0       \177KERNEL32_NULL_THUNK_DATA 00000001800060c0     kernel32:KERNEL32.dll
 0002:000000c8       __imp_O_GetModuleVersionNum 00000001800060c8     Observer:Observer.dll
 0002:000000d0       \177Observer_NULL_THUNK_DATA 00000001800060d0     Observer:Observer.dll
 0002:000000d8       __imp_TD_GetModuleVersionNum 00000001800060d8     TakionData:TakionData.dll
 0002:000000e0       \177TakionData_NULL_THUNK_DATA 00000001800060e0     TakionData:TakionData.dll
 0002:000000e8       __imp_??0PositionSecurityUIntDevidedByUIntAlternateInventoryRowValue@@QEAA@AEBQEBVPositionData@@AEBQEBVSecurity@@AEB_NPEB_NPEBE3P81@EBAAEBI2@ZP82@EBAAEBIXZ6AEBI2@Z 00000001800060e8     TakionGui:TakionGui.dll
 0002:000000f0       __imp_??1PositionSecurityUIntDevidedByUIntInventoryRowValue@@UEAA@XZ 00000001800060f0     TakionGui:TakionGui.dll
 0002:000000f8       __imp_??0AccountMoneyPerShareInventoryRowValue@@QEAA@PEBVAccount@@AEB_NPEB_NPEBE2P81@EBA?AVMoney@@1@ZP81@EBAAEBIXZI_N66@Z 00000001800060f8     TakionGui:TakionGui.dll
 0002:00000100       __imp_?CanBeNegative@RowValue@@UEBA_NXZ 0000000180006100     TakionGui:TakionGui.dll
 0002:00000108       __imp_?CompareValueToZero@?$TypedNumericRowValue@VMoney@@@@UEBAFXZ 0000000180006108     TakionGui:TakionGui.dll
 0002:00000110       __imp_?isValueZero@?$TypedNumericRowValue@VMoney@@@@UEBA_NXZ 0000000180006110     TakionGui:TakionGui.dll
 0002:00000118       __imp_?isObjectValueZero@?$TypedNumericRowValue@VMoney@@@@UEBA_NXZ 0000000180006118     TakionGui:TakionGui.dll
 0002:00000120       __imp_?GetObjectValue@?$TypedRowValue@VMoney@@@@UEBAAEBVMoney@@XZ 0000000180006120     TakionGui:TakionGui.dll
 0002:00000128       __imp_?UpdateValue@?$TypedRowValue@VMoney@@@@UEAA_NXZ 0000000180006128     TakionGui:TakionGui.dll
 0002:00000130       __imp_?InitValue@?$TypedRowValue@VMoney@@@@UEAAXXZ 0000000180006130     TakionGui:TakionGui.dll
 0002:00000138       __imp_?InitializeValue@?$TypedRowValue@VMoney@@@@MEAAXXZ 0000000180006138     TakionGui:TakionGui.dll
 0002:00000140       __imp_?isValueChanged@?$TypedRowValue@VMoney@@@@UEBA_NXZ 0000000180006140     TakionGui:TakionGui.dll
 0002:00000148       __imp_?toString@MoneyRowValue@@UEBAXAEAV?$basic_string@DU?$char_traits@D@std@@V?$allocator@D@2@@std@@@Z 0000000180006148     TakionGui:TakionGui.dll
 0002:00000150       __imp_?isValueEmpty@?$TypedRowValue@VMoney@@@@UEBA_NXZ 0000000180006150     TakionGui:TakionGui.dll
 0002:00000158       __imp_?Compare@?$TypedRowValue@VMoney@@@@UEBAFAEBVRowValue@@@Z 0000000180006158     TakionGui:TakionGui.dll
 0002:00000160       __imp_?CompareValue@?$TypedRowValue@VMoney@@@@UEBAFAEBVMoney@@@Z 0000000180006160     TakionGui:TakionGui.dll
 0002:00000168       __imp_?CompareAhead@?$TypedRowValue@VMoney@@@@UEBAFAEBVRowValue@@@Z 0000000180006168     TakionGui:TakionGui.dll
 0002:00000170       __imp_?isObjectValueEmpty@?$TypedRowValue@VMoney@@@@UEBA_NXZ 0000000180006170     TakionGui:TakionGui.dll
 0002:00000178       __imp_?NullifyTick@?$TypedNumericRowValue@VMoney@@@@UEAAXXZ 0000000180006178     TakionGui:TakionGui.dll
 0002:00000180       __imp_?NullifyLastDiff@?$TypedNumericRowValue@VMoney@@@@UEBAXXZ 0000000180006180     TakionGui:TakionGui.dll
 0002:00000188       __imp_?Add@?$TypedNumericRowValue@VMoney@@@@UEAA_NAEBVRowValue@@@Z 0000000180006188     TakionGui:TakionGui.dll
 0002:00000190       __imp_?Subtract@?$TypedNumericRowValue@VMoney@@@@UEAA_NAEBVRowValue@@@Z 0000000180006190     TakionGui:TakionGui.dll
 0002:00000198       __imp_?Adjust@?$TypedNumericRowValue@VMoney@@@@UEAA_NAEBVRowValue@@@Z 0000000180006198     TakionGui:TakionGui.dll
 0002:000001a0       __imp_?Reset@?$TypedNumericRowValue@VMoney@@@@UEAAXXZ 00000001800061a0     TakionGui:TakionGui.dll
 0002:000001a8       __imp_?GetCount@RowValue@@UEBAIXZ 00000001800061a8     TakionGui:TakionGui.dll
 0002:000001b0       __imp_?GetTickMillisecond@?$TypedNumericRowValue@VMoney@@@@UEBAIXZ 00000001800061b0     TakionGui:TakionGui.dll
 0002:000001b8       __imp_?GetStringValue@RowValue@@UEBAPEBDXZ 00000001800061b8     TakionGui:TakionGui.dll
 0002:000001c0       __imp_?GetUIntValue@RowValue@@UEBAIXZ 00000001800061c0     TakionGui:TakionGui.dll
 0002:000001c8       __imp_?GetUInt64Value@RowValue@@UEBA_KXZ 00000001800061c8     TakionGui:TakionGui.dll
 0002:000001d0       __imp_?GetIntValue@RowValue@@UEBAHXZ 00000001800061d0     TakionGui:TakionGui.dll
 0002:000001d8       __imp_?GetPriceValue@RowValue@@UEBA?AVPrice@@XZ 00000001800061d8     TakionGui:TakionGui.dll
 0002:000001e0       __imp_?GetSignedPriceValue@RowValue@@UEBA?AVSignedPrice@@XZ 00000001800061e0     TakionGui:TakionGui.dll
 0002:000001e8       __imp_?SetSecurity@RowValue@@UEAAXPEBVSecurity@@@Z 00000001800061e8     TakionGui:TakionGui.dll
 0002:000001f0       __imp_?isComma@?$CommaRowValue@VMoney@@@@UEBAPEB_NXZ 00000001800061f0     TakionGui:TakionGui.dll
 0002:000001f8       __imp_?SetComma@?$CommaRowValue@VMoney@@@@UEAAXPEB_N@Z 00000001800061f8     TakionGui:TakionGui.dll
 0002:00000200       __imp_?GetDecDigits@?$DecRowValue@VMoney@@@@UEBAPEBEXZ 0000000180006200     TakionGui:TakionGui.dll
 0002:00000208       __imp_?SetDecDigits@?$DecRowValue@VMoney@@@@UEAAXPEBE@Z 0000000180006208     TakionGui:TakionGui.dll
 0002:00000210       __imp_?isTruncate@?$DecRowValue@VMoney@@@@UEBAPEB_NXZ 0000000180006210     TakionGui:TakionGui.dll
 0002:00000218       __imp_?SetTruncate@?$DecRowValue@VMoney@@@@UEAAXPEB_N@Z 0000000180006218     TakionGui:TakionGui.dll
 0002:00000220       __imp_?GetLastIntDiff@RowValue@@UEBAHXZ 0000000180006220     TakionGui:TakionGui.dll
 0002:00000228       __imp_?GetNonZeroCount@RowValue@@UEBAIXZ 0000000180006228     TakionGui:TakionGui.dll
 0002:00000230       __imp_?GetObjectValueCopy@?$TypedRowValue@VMoney@@@@UEBA?AVMoney@@XZ 0000000180006230     TakionGui:TakionGui.dll
 0002:00000238       __imp_?CanBeNegative@?$TypedUnsignedRowValue@I@@UEBA_NXZ 0000000180006238     TakionGui:TakionGui.dll
 0002:00000240       __imp_?CompareValueToZero@?$TypedUnsignedRowValue@I@@UEBAFXZ 0000000180006240     TakionGui:TakionGui.dll
 0002:00000248       __imp_?isValueZero@?$TypedNumericRowValue@I@@UEBA_NXZ 0000000180006248     TakionGui:TakionGui.dll
 0002:00000250       __imp_?isObjectValueZero@?$TypedNumericRowValue@I@@UEBA_NXZ 0000000180006250     TakionGui:TakionGui.dll
 0002:00000258       __imp_?GetObjectValue@?$TypedRowValue@I@@UEBAAEBIXZ 0000000180006258     TakionGui:TakionGui.dll
 0002:00000260       __imp_?UpdateValue@?$TypedRowValue@I@@UEAA_NXZ 0000000180006260     TakionGui:TakionGui.dll
 0002:00000268       __imp_?InitValue@?$TypedRowValue@I@@UEAAXXZ 0000000180006268     TakionGui:TakionGui.dll
 0002:00000270       __imp_?InitializeValue@?$TypedRowValue@I@@MEAAXXZ 0000000180006270     TakionGui:TakionGui.dll
 0002:00000278       __imp_?isValueChanged@?$TypedRowValue@I@@UEBA_NXZ 0000000180006278     TakionGui:TakionGui.dll
 0002:00000280       __imp_?toString@?$CommaUnsignedNumberRowValue@I@@UEBAXAEAV?$basic_string@DU?$char_traits@D@std@@V?$allocator@D@2@@std@@@Z 0000000180006280     TakionGui:TakionGui.dll
 0002:00000288       __imp_?isValueEmpty@?$TypedRowValue@I@@UEBA_NXZ 0000000180006288     TakionGui:TakionGui.dll
 0002:00000290       __imp_?Compare@?$TypedRowValue@I@@UEBAFAEBVRowValue@@@Z 0000000180006290     TakionGui:TakionGui.dll
 0002:00000298       __imp_?CompareValue@?$TypedRowValue@I@@UEBAFAEBI@Z 0000000180006298     TakionGui:TakionGui.dll
 0002:000002a0       __imp_?CompareAhead@?$TypedRowValue@I@@UEBAFAEBVRowValue@@@Z 00000001800062a0     TakionGui:TakionGui.dll
 0002:000002a8       __imp_?isObjectValueEmpty@?$TypedRowValue@I@@UEBA_NXZ 00000001800062a8     TakionGui:TakionGui.dll
 0002:000002b0       __imp_?NullifyTick@?$TypedNumericRowValue@I@@UEAAXXZ 00000001800062b0     TakionGui:TakionGui.dll
 0002:000002b8       __imp_?NullifyLastDiff@?$TypedNumericRowValue@I@@UEBAXXZ 00000001800062b8     TakionGui:TakionGui.dll
 0002:000002c0       __imp_?Add@?$TypedNumericRowValue@I@@UEAA_NAEBVRowValue@@@Z 00000001800062c0     TakionGui:TakionGui.dll
 0002:000002c8       __imp_?SetValue@?$TypedNumericRowValue@I@@UEAA_NAEBI@Z 00000001800062c8     TakionGui:TakionGui.dll
 0002:000002d0       __imp_?CompareToZero@?$TypedNumericRowValue@I@@UEBAFAEBH@Z 00000001800062d0     TakionGui:TakionGui.dll
 0002:000002d8       __imp_?Subtract@?$TypedNumericRowValue@I@@UEAA_NAEBVRowValue@@@Z 00000001800062d8     TakionGui:TakionGui.dll
 0002:000002e0       __imp_?Adjust@?$TypedUnsignedRowValue@I@@UEAA_NAEBVRowValue@@@Z 00000001800062e0     TakionGui:TakionGui.dll
 0002:000002e8       __imp_?Reset@?$TypedNumericRowValue@I@@UEAAXXZ 00000001800062e8     TakionGui:TakionGui.dll
 0002:000002f0       __imp_?GetTickMillisecond@?$TypedNumericRowValue@I@@UEBAIXZ 00000001800062f0     TakionGui:TakionGui.dll
 0002:000002f8       __imp_?GetUIntValue@UIntRowValue@@UEBAIXZ 00000001800062f8     TakionGui:TakionGui.dll
 0002:00000300       __imp_?isComma@?$CommaUnsignedRowValue@I@@UEBAPEB_NXZ 0000000180006300     TakionGui:TakionGui.dll
 0002:00000308       __imp_?SetComma@?$CommaUnsignedRowValue@I@@UEAAXPEB_N@Z 0000000180006308     TakionGui:TakionGui.dll
 0002:00000310       __imp_?GetDecDigits@RowValue@@UEBAPEBEXZ 0000000180006310     TakionGui:TakionGui.dll
 0002:00000318       __imp_?SetDecDigits@RowValue@@UEAAXPEBE@Z 0000000180006318     TakionGui:TakionGui.dll
 0002:00000320       __imp_?isTruncate@RowValue@@UEBAPEB_NXZ 0000000180006320     TakionGui:TakionGui.dll
 0002:00000328       __imp_?SetTruncate@RowValue@@UEAAXPEB_N@Z 0000000180006328     TakionGui:TakionGui.dll
 0002:00000330       __imp_?GetObjectValueCopy@?$TypedRowValue@I@@UEBAIXZ 0000000180006330     TakionGui:TakionGui.dll
 0002:00000338       __imp_?CalculateTick@?$TypedUnsignedRowValue@I@@MEAAXAEBIAEAH@Z 0000000180006338     TakionGui:TakionGui.dll
 0002:00000340       __imp_??1AccountMoneyPerShareInventoryRowValue@@UEAA@XZ 0000000180006340     TakionGui:TakionGui.dll
 0002:00000348       __imp_?isObjectValueZero@AccountMoneyPerShareInventoryRowValue@@UEBA_NXZ 0000000180006348     TakionGui:TakionGui.dll
 0002:00000350       __imp_?UpdateValue@AccountMoneyPerShareInventoryRowValue@@UEAA_NXZ 0000000180006350     TakionGui:TakionGui.dll
 0002:00000358       __imp_?isValueChanged@AccountMoneyPerShareInventoryRowValue@@UEBA_NXZ 0000000180006358     TakionGui:TakionGui.dll
 0002:00000360       __imp_?CompareAhead@AccountMoneyPerShareInventoryRowValue@@UEBAFAEBVRowValue@@@Z 0000000180006360     TakionGui:TakionGui.dll
 0002:00000368       __imp_?InitializeValue@AccountMoneyPerShareInventoryRowValue@@MEAAXXZ 0000000180006368     TakionGui:TakionGui.dll
 0002:00000370       __imp_?CanBeNegative@?$MonetaryUnsignedRowValue@VPrice@@@@MEBA_NXZ 0000000180006370     TakionGui:TakionGui.dll
 0002:00000378       __imp_?CompareValueToZero@?$TypedUnsignedRowValue@VPrice@@@@UEBAFXZ 0000000180006378     TakionGui:TakionGui.dll
 0002:00000380       __imp_?isValueZero@PositionSecurityUIntDevidedByUIntInventoryRowValue@@UEBA_NXZ 0000000180006380     TakionGui:TakionGui.dll
 0002:00000388       __imp_?isObjectValueZero@PositionSecurityUIntDevidedByUIntInventoryRowValue@@UEBA_NXZ 0000000180006388     TakionGui:TakionGui.dll
 0002:00000390       __imp_?GetSecurityObjectValue@PositionSecurityUIntDevidedByUIntInventoryRowValue@@UEBAAEBIXZ 0000000180006390     TakionGui:TakionGui.dll
 0002:00000398       __imp_?UpdateValue@PositionSecurityUIntDevidedByUIntInventoryRowValue@@UEAA_NXZ 0000000180006398     TakionGui:TakionGui.dll
 0002:000003a0       __imp_?SetValue@?$TypedNumericRowValue@VPrice@@@@UEAA_NAEBVPrice@@@Z 00000001800063a0     TakionGui:TakionGui.dll
 0002:000003a8       __imp_?CompareToZero@?$TypedNumericRowValue@VPrice@@@@UEBAFAEBVSignedPrice@@@Z 00000001800063a8     TakionGui:TakionGui.dll
 0002:000003b0       __imp_?InitValue@?$TypedRowValue@VPrice@@@@UEAAXXZ 00000001800063b0     TakionGui:TakionGui.dll
 0002:000003b8       __imp_?InitializeValue@?$TypedRowValue@VPrice@@@@MEAAXXZ 00000001800063b8     TakionGui:TakionGui.dll
 0002:000003c0       __imp_?GetObjectValue@?$TypedRowValue@VPrice@@@@UEBAAEBVPrice@@XZ 00000001800063c0     TakionGui:TakionGui.dll
 0002:000003c8       __imp_?isValueChanged@PositionSecurityUIntDevidedByUIntInventoryRowValue@@UEBA_NXZ 00000001800063c8     TakionGui:TakionGui.dll
 0002:000003d0       __imp_?toString@PriceRowValue@@UEBAXAEAV?$basic_string@DU?$char_traits@D@std@@V?$allocator@D@2@@std@@@Z 00000001800063d0     TakionGui:TakionGui.dll
 0002:000003d8       __imp_?isValueEmpty@?$TypedRowValue@VPrice@@@@UEBA_NXZ 00000001800063d8     TakionGui:TakionGui.dll
 0002:000003e0       __imp_?Compare@?$TypedRowValue@VPrice@@@@UEBAFAEBVRowValue@@@Z 00000001800063e0     TakionGui:TakionGui.dll
 0002:000003e8       __imp_?CompareValue@?$TypedRowValue@VPrice@@@@UEBAFAEBVPrice@@@Z 00000001800063e8     TakionGui:TakionGui.dll
 0002:000003f0       __imp_?CompareAhead@PositionSecurityUIntDevidedByUIntInventoryRowValue@@UEBAFAEBVRowValue@@@Z 00000001800063f0     TakionGui:TakionGui.dll
 0002:000003f8       __imp_?isObjectValueEmpty@?$TypedRowValue@VPrice@@@@UEBA_NXZ 00000001800063f8     TakionGui:TakionGui.dll
 0002:00000400       __imp_?NullifyTick@?$TypedNumericRowValue@VPrice@@@@UEAAXXZ 0000000180006400     TakionGui:TakionGui.dll
 0002:00000408       __imp_?NullifyLastDiff@?$TypedNumericRowValue@VPrice@@@@UEBAXXZ 0000000180006408     TakionGui:TakionGui.dll
 0002:00000410       __imp_?Add@?$TypedNumericRowValue@VPrice@@@@UEAA_NAEBVRowValue@@@Z 0000000180006410     TakionGui:TakionGui.dll
 0002:00000418       __imp_?Subtract@?$TypedNumericRowValue@VPrice@@@@UEAA_NAEBVRowValue@@@Z 0000000180006418     TakionGui:TakionGui.dll
 0002:00000420       __imp_?Adjust@?$TypedUnsignedRowValue@VPrice@@@@UEAA_NAEBVRowValue@@@Z 0000000180006420     TakionGui:TakionGui.dll
 0002:00000428       __imp_?Reset@?$TypedNumericRowValue@VPrice@@@@UEAAXXZ 0000000180006428     TakionGui:TakionGui.dll
 0002:00000430       __imp_?GetTickMillisecond@?$TypedNumericRowValue@VPrice@@@@UEBAIXZ 0000000180006430     TakionGui:TakionGui.dll
 0002:00000438       __imp_?GetPriceValue@PriceRowValue@@UEBA?AVPrice@@XZ 0000000180006438     TakionGui:TakionGui.dll
[...]
 0002:0000603c       $N00170                    000000018000c03c     TakionAdditionalColumns.exp
 0002:00006058       $N00174                    000000018000c058     TakionAdditionalColumns.exp
 0002:00006068       $N00171                    000000018000c068     TakionAdditionalColumns.exp
 0002:00006079       $N00070                    000000018000c079     TakionAdditionalColumns.exp
 0002:00006095       $N00074                    000000018000c095     TakionAdditionalColumns.exp
 0002:000060a5       $N00071                    000000018000c0a5     TakionAdditionalColumns.exp
 0002:000060b6       $N00013                    000000018000c0b6     TakionAdditionalColumns.exp
 0002:000060d1       $N00012                    000000018000c0d1     TakionAdditionalColumns.exp
 0002:000060e6       $N00018                    000000018000c0e6     TakionAdditionalColumns.exp
 0002:00006104       $N00019                    000000018000c104     TakionAdditionalColumns.exp
 0002:00006122       $N00011                    000000018000c122     TakionAdditionalColumns.exp
 0002:0000613c       $N00010                    000000018000c13c     TakionAdditionalColumns.exp
 0002:00006150       $N00015                    000000018000c150     TakionAdditionalColumns.exp
 0002:0000616a       $N00014                    000000018000c16a     TakionAdditionalColumns.exp
 0002:0000617e       $N00009                    000000018000c17e     TakionAdditionalColumns.exp
 0002:0000619a       $N00008                    000000018000c19a     TakionAdditionalColumns.exp
 0002:000061b0       $N00007                    000000018000c1b0     TakionAdditionalColumns.exp
 0002:000061c6       $N00006                    000000018000c1c6     TakionAdditionalColumns.exp
 0002:000061d6       $N00048                    000000018000c1d6     TakionAdditionalColumns.exp
 0002:000061f2       $N00049                    000000018000c1f2     TakionAdditionalColumns.exp
 0002:0000620d       $N00046                    000000018000c20d     TakionAdditionalColumns.exp
 0002:00006220       $N00041                    000000018000c220     TakionAdditionalColumns.exp
 0002:00006230       $N00057                    000000018000c230     TakionAdditionalColumns.exp
 0002:0000624b       $N00058                    000000018000c24b     TakionAdditionalColumns.exp
 0002:00006269       $N00056                    000000018000c269     TakionAdditionalColumns.exp
 0002:00006287       $N00176                    000000018000c287     TakionAdditionalColumns.exp
 0002:000062a3       $N00177                    000000018000c2a3     TakionAdditionalColumns.exp
 0002:000062c2       $N00175                    000000018000c2c2     TakionAdditionalColumns.exp
 0002:000062e1       $N00076                    000000018000c2e1     TakionAdditionalColumns.exp
 0002:000062fd       $N00077                    000000018000c2fd     TakionAdditionalColumns.exp
 0002:0000631c       $N00075                    000000018000c31c     TakionAdditionalColumns.exp
 0002:0000633b       $N00050                    000000018000c33b     TakionAdditionalColumns.exp
 0002:000072e0       .idata$6                   000000018000d2e0     Observer:Observer.dll
 0002:000072ee       .idata$6                   000000018000d2ee     TakionData:TakionData.dll
 0002:0000b864       .idata$6                   0000000180011864     TakionGui:TakionGui.dll
 0002:0000b872       .idata$6                   0000000180011872     TakionLog:TakionLog.dll
 0002:0000bd4c       .idata$6                   0000000180011d4c     TakionUtils:TakionUtils.dll
 0002:0000bdac       .idata$6                   0000000180011dac     Utils:Utils.dll
 0002:0000bdb6       .idata$6                   0000000180011db6     mfc140:mfc140.dll
 0002:0000bfb0       .idata$6                   0000000180011fb0     kernel32:KERNEL32.dll
 0002:0000c03c       .idata$6                   000000018001203c     vcruntime:VCRUNTIME140.dll
 0002:0000c156       .idata$6                   0000000180012156     ucrt:api-ms-win-crt-string-l1-1-0.dll
 0002:0000c178       .idata$6                   0000000180012178     ucrt:api-ms-win-crt-runtime-l1-1-0.dll
 0002:0000c19a       .idata$6                   000000018001219a     ucrt:api-ms-win-crt-heap-l1-1-0.dll
 0003:00000dc0       ?afxModuleState@@3V_AFX_DLL_MODULE_STATE@@A 0000000180013dc0     mfcs140:dllmodul.obj
 0003:00000ec8       ?controlDLL@@3UAFX_EXTENSION_MODULE@@A 0000000180013ec8     mfcs140:dllmodul.obj
 0003:00000ef0       ?pafxModuleStatePrev@@3PEAVAFX_MODULE_STATE@@EA 0000000180013ef0     mfcs140:dllmodul.obj
 0003:00000f10       ?module_local_atexit_table@@3U_onexit_table_t@@A 0000000180013f10     msvcrt:utility.obj
 0003:00000f28       ?module_local_at_quick_exit_table@@3U_onexit_table_t@@A 0000000180013f28     msvcrt:utility.obj
 0003:00000f40       ?is_initialized_as_dll@@3_NA 0000000180013f40     msvcrt:utility.obj
 0003:00000f48       ?_Tss_mutex@@3U_RTL_CRITICAL_SECTION@@A 0000000180013f48     msvcrt:thread_safe_statics.obj
 0003:00000f70       ?_Tss_cv@@3U_RTL_CONDITION_VARIABLE@@A 0000000180013f70     msvcrt:thread_safe_statics.obj
 0003:00000f78       ?_Tss_event@@3PEAXEA       0000000180013f78     msvcrt:thread_safe_statics.obj
 0003:00000f80       ?encoded_sleep_condition_variable_cs@@3P6AHPEAU_RTL_CONDITION_VARIABLE@@PEAU_RTL_CRITICAL_SECTION@@K@ZEA 0000000180013f80     msvcrt:thread_safe_statics.obj
 0003:00000f88       ?encoded_wake_all_condition_variable@@3P6AXPEAU_RTL_CONDITION_VARIABLE@@@ZEA 0000000180013f88     msvcrt:thread_safe_statics.obj
 0003:00000f90       ?__proc_attached@@3HA      0000000180013f90     msvcrt:dll_dllmain.obj
 0003:00000fa0       GS_ExceptionRecord         0000000180013fa0     msvcrt:gs_report.obj
 0003:00001040       GS_ContextRecord           0000000180014040     msvcrt:gs_report.obj
 0004:00000000       $pdata$??__EtheApp@@YAXXZ  0000000180015000     TakionAdditionalColumns.obj
 0004:0000000c       $pdata$??__EafxModuleState@@YAXXZ 000000018001500c     mfcs140:dllmodul.obj
 0004:00000018       $pdata$??__E_AtlBaseModule@ATL@@YAXXZ 0000000180015018     atls:atlbase.obj
 0004:00000024       $pdata$ApplyMsPosition     0000000180015024     ColumnFunctions.obj
 0004:00000030       $pdata$InvalidateMsPositionColumns 0000000180015030     ColumnFunctions.obj
 0004:0000003c       $pdata$InvalidateMsPositionTotals 000000018001503c     ColumnFunctions.obj
 0004:00000048       $pdata$UpdateMsPositionValues 0000000180015048     ColumnFunctions.obj
 0004:00000054       $pdata$AdjustMsPositionTotals 0000000180015054     ColumnFunctions.obj
 0004:00000060       $pdata$CreateMsTotalRowValue 0000000180015060     ColumnFunctions.obj
 0004:0000006c       $pdata$CreateMsRowValue    000000018001506c     ColumnFunctions.obj
 0004:00000078       $pdata$PosUpdateNonCumulativeRowValue 0000000180015078     ColumnFunctions.obj
 0004:00000084       $pdata$CreatePosTotalRowValue 0000000180015084     ColumnFunctions.obj
 0004:00000090       $pdata$0$CreatePosTotalRowValue 0000000180015090     ColumnFunctions.obj
 0004:0000009c       $pdata$2$CreatePosTotalRowValue 000000018001509c     ColumnFunctions.obj
 0004:000000a8       $pdata$3$CreatePosTotalRowValue 00000001800150a8     ColumnFunctions.obj
 0004:000000b4       $pdata$GetPosCellColor     00000001800150b4     ColumnFunctions.obj
 0004:000000c0       $pdata$1$GetPosCellColor   00000001800150c0     ColumnFunctions.obj
 0004:000000cc       $pdata$3$GetPosCellColor   00000001800150cc     ColumnFunctions.obj
 0004:000000d8       $pdata$5$GetPosCellColor   00000001800150d8     ColumnFunctions.obj
 0004:000000e4       $pdata$7$GetPosCellColor   00000001800150e4     ColumnFunctions.obj
 0004:000000f0       $pdata$CreatePosRowValue   00000001800150f0     ColumnFunctions.obj
 0004:000000fc       $pdata$GetPosColumnInfo    00000001800150fc     ColumnFunctions.obj
 0004:00000108       $pdata$0$GetPosColumnInfo  0000000180015108     ColumnFunctions.obj
 0004:00000114       $pdata$1$GetPosColumnInfo  0000000180015114     ColumnFunctions.obj
 0004:00000120       $pdata$ActUpdateNonCumulativeRowValue 0000000180015120     ColumnFunctions.obj
 0004:0000012c       $pdata$CreateActTotalRowValue 000000018001512c     ColumnFunctions.obj
 0004:00000138       $pdata$0$CreateActTotalRowValue 0000000180015138     ColumnFunctions.obj
 0004:00000144       $pdata$2$CreateActTotalRowValue 0000000180015144     ColumnFunctions.obj
 0004:00000150       $pdata$3$CreateActTotalRowValue 0000000180015150     ColumnFunctions.obj
 0004:0000015c       $pdata$CreateActRowValue   000000018001515c     ColumnFunctions.obj
 0004:00000168       $pdata$??_GSecurityIntRowValueDiff@@UEAAPEAXI@Z 0000000180015168     ColumnFunctions.obj
 0004:00000174       $pdata$??_GSecurityPriceRowValueDiffAbs@@UEAAPEAXI@Z 0000000180015174     ColumnFunctions.obj
 0004:00000180       $pdata$??_GSecurityUIntByIntDivisionFraction@@UEAAPEAXI@Z 0000000180015180     ColumnFunctions.obj
 0004:0000018c       $pdata$??_GSecurityIntByIntDivisionFraction@@UEAAPEAXI@Z 000000018001518c     ColumnFunctions.obj
 0004:00000198       $pdata$??_GSecurityPriceXIntAbs@@UEAAPEAXI@Z 0000000180015198     ColumnFunctions.obj
 0004:000001a4       $pdata$??_GPositionMoneyPerShareInventoryRowValue@@UEAAPEAXI@Z 00000001800151a4     ColumnFunctions.obj
 0004:000001b0       $pdata$??_GPositionSecurityUCharAsCharOrdinalRowValue@@UEAAPEAXI@Z 00000001800151b0     ColumnFunctions.obj
 0004:000001bc       $pdata$??_GPositionSecurityIntByIntDivision@@UEAAPEAXI@Z 00000001800151bc     ColumnFunctions.obj
 0004:000001c8       $pdata$??_GPositionSecurityPriceRowValue@@UEAAPEAXI@Z 00000001800151c8     ColumnFunctions.obj
 0004:000001d4       $pdata$??_GPositionSecurityUIntRowValue@@UEAAPEAXI@Z 00000001800151d4     ColumnFunctions.obj
 0004:000001e0       $pdata$??_GPositionUIntRowValueNull@@UEAAPEAXI@Z 00000001800151e0     ColumnFunctions.obj
 0004:000001ec       $pdata$??_GPositionSecurityUIntDevidedByUIntAlternateInventoryRowValue@@UEAAPEAXI@Z 00000001800151ec     ColumnFunctions.obj
 0004:000001f8       $pdata$??_GPositionSecurityUIntDevidedByUIntInventoryRowValue@@UEAAPEAXI@Z 00000001800151f8     ColumnFunctions.obj
 0004:00000204       $pdata$??_GAccountMoneyPerShareInventoryRowValue@@UEAAPEAXI@Z 0000000180015204     ColumnFunctions.obj
 0004:00000210       $pdata$??_GUIntRowValue@@UEAAPEAXI@Z 0000000180015210     ColumnFunctions.obj
 0004:0000021c       $pdata$??_GMoneyRowValue@@UEAAPEAXI@Z 000000018001521c     ColumnFunctions.obj
 0004:00000228       $pdata$ExtensionInitialize 0000000180015228     TakionAdditionalColumns.obj
 0004:00000234       $pdata$??0TakionAdditionalColumns@@QEAA@XZ 0000000180015234     TakionAdditionalColumns.obj
 0004:00000240       $pdata$??_GTakionAdditionalColumns@@UEAAPEAXI@Z 0000000180015240     TakionAdditionalColumns.obj
 0004:0000024c       $pdata$?InitInstance@TakionAdditionalColumns@@UEAAHXZ 000000018001524c     TakionAdditionalColumns.obj
 0004:00000258       $pdata$??1?$basic_string@DU?$char_traits@D@std@@V?$allocator@D@2@@std@@QEAA@XZ 0000000180015258     TakionAdditionalColumns.obj
 0004:00000264       $pdata$RawDllMain          0000000180015264     mfcs140:dllmodul.obj
 0004:00000270       $pdata$??_G_AFX_DLL_MODULE_STATE@@UEAAPEAXI@Z 0000000180015270     mfcs140:dllmodul.obj
 0004:0000027c       $pdata$?AfxWndProcDllStatic@@YA_JPEAUHWND__@@I_K_J@Z 000000018001527c     mfcs140:dllmodul.obj
 0004:00000288       $pdata$DllMain             0000000180015288     mfcs140:dllmodul.obj
 0004:00000294       $pdata$InternalDllMain     0000000180015294     mfcs140:dllmodul.obj
 0004:000002a0       $pdata$?AfxGetApp@@YAPEAVCWinApp@@XZ 00000001800152a0     mfcs140:dllmodulx.obj
 0004:000002b8       $pdata$??_Gtype_info@@UEAAPEAXI@Z 00000001800152b8     msvcrt:std_type_info_static.obj
 0004:000002c4       $pdata$__scrt_acquire_startup_lock 00000001800152c4     msvcrt:utility.obj
 0004:000002d0       $pdata$__scrt_dllmain_after_initialize_c 00000001800152d0     msvcrt:utility.obj
 0004:000002dc       $pdata$__scrt_dllmain_before_initialize_c 00000001800152dc     msvcrt:utility.obj
 0004:000002e8       $pdata$__scrt_dllmain_crt_thread_attach 00000001800152e8     msvcrt:utility.obj
 0004:000002f4       $pdata$__scrt_dllmain_crt_thread_detach 00000001800152f4     msvcrt:utility.obj
 0004:00000300       $pdata$__scrt_dllmain_exception_filter 0000000180015300     msvcrt:utility.obj
 0004:0000030c       $pdata$__scrt_dllmain_uninitialize_c 000000018001530c     msvcrt:utility.obj
 0004:00000318       $pdata$__scrt_dllmain_uninitialize_critical 0000000180015318     msvcrt:utility.obj
 0004:00000324       $pdata$__scrt_initialize_crt 0000000180015324     msvcrt:utility.obj
 0004:00000330       $pdata$__scrt_initialize_onexit_tables 0000000180015330     msvcrt:utility.obj
 0004:0000033c       $pdata$__scrt_is_nonwritable_in_current_image 000000018001533c     msvcrt:utility.obj
 0004:00000348       $pdata$__scrt_release_startup_lock 0000000180015348     msvcrt:utility.obj
 0004:00000354       $pdata$__scrt_uninitialize_crt 0000000180015354     msvcrt:utility.obj
 0004:00000360       $pdata$_onexit             0000000180015360     msvcrt:utility.obj
 0004:0000036c       $pdata$atexit              000000018001536c     msvcrt:utility.obj
 0004:00000378       $pdata$?__scrt_initialize_thread_safe_statics@@YAHXZ 0000000180015378     msvcrt:thread_safe_statics.obj
 0004:00000384       $pdata$?__scrt_uninitialize_thread_safe_statics@@YAXXZ 0000000180015384     msvcrt:thread_safe_statics.obj
 0004:00000390       $pdata$?dllmain_crt_dispatch@@YAHQEAUHINSTANCE__@@KQEAX@Z 0000000180015390     msvcrt:dll_dllmain.obj
 0004:0000039c       $pdata$?dllmain_crt_process_attach@@YAHQEAUHINSTANCE__@@QEAX@Z 000000018001539c     msvcrt:dll_dllmain.obj
 0004:000003a8       $pdata$?dllmain_crt_process_detach@@YAH_N@Z 00000001800153a8     msvcrt:dll_dllmain.obj
 0004:000003b4       $pdata$?dllmain_dispatch@@YAHQEAUHINSTANCE__@@KQEAX@Z 00000001800153b4     msvcrt:dll_dllmain.obj
 0004:000003c0       $pdata$?dllmain_raw@@YAHQEAUHINSTANCE__@@KQEAX@Z 00000001800153c0     msvcrt:dll_dllmain.obj
 0004:000003cc       $pdata$_DllMainCRTStartup  00000001800153cc     msvcrt:dll_dllmain.obj
 0004:000003d8       $pdata$__raise_securityfailure 00000001800153d8     msvcrt:gs_report.obj
 0004:000003e4       $pdata$__report_gsfailure  00000001800153e4     msvcrt:gs_report.obj
 0004:000003f0       $pdata$capture_previous_context 00000001800153f0     msvcrt:gs_report.obj
 0004:000003fc       $pdata$__isa_available_init 00000001800153fc     msvcrt:_cpu_disp_.obj
 0004:00000408       $pdata$__scrt_fastfail     0000000180015408     msvcrt:utility_desktop.obj
 0004:00000414       $pdata$__security_init_cookie 0000000180015414     msvcrt:gs_support.obj
 0004:00000420       $pdata$__scrt_initialize_default_local_stdio_options 0000000180015420     msvcrt:default_local_stdio_options.obj
 0004:0000042c       $pdata$_RTC_Initialize     000000018001542c     msvcrt:_initsect_.obj
 0004:00000438       $pdata$_RTC_Terminate      0000000180015438     msvcrt:_initsect_.obj
 0004:00000444       $pdata$__GSHandlerCheck    0000000180015444     msvcrt:_gshandler_.obj
 0004:00000450       $pdata$__GSHandlerCheckCommon 0000000180015450     msvcrt:_gshandler_.obj
 0004:0000045c       $pdata$??0CAtlBaseModule@ATL@@QEAA@XZ 000000018001545c     atls:atlbase.obj
 0004:00000468       $pdata$??1CAtlBaseModule@ATL@@QEAA@XZ 0000000180015468     atls:atlbase.obj
 0004:00000474       $pdata$_RawDllMainProxy    0000000180015474     mfcs140:rawdllmainproxy.obj
 0004:00000480       $pdata$_IsNonwritableInCurrentImage 0000000180015480     mfcs140:rawdllmainproxy.obj
 0004:00000498       $pdata$InternalDllMain$catch$2 0000000180015498     mfcs140:dllmodul.obj
 0004:000004a4       $pdata$_IsNonwritableInCurrentImage$filt$0 00000001800154a4     mfcs140:rawdllmainproxy.obj
 0004:000004a4       $pdata$__scrt_is_nonwritable_in_current_image$filt$0 00000001800154a4     msvcrt:utility.obj
 0004:000004b0       $pdata$?fin$0@?0??dllmain_crt_process_attach@@YAHQEAUHINSTANCE__@@QEAX@Z@4HA 00000001800154b0     msvcrt:dll_dllmain.obj
 0004:000004bc       $pdata$?fin$0@?0??dllmain_crt_process_detach@@YAH_N@Z@4HA 00000001800154bc     msvcrt:dll_dllmain.obj
 0004:000004c8       $pdata$?filt$0@?0??dllmain_dispatch@@YAHQEAUHINSTANCE__@@KQEAX@Z@4HA 00000001800154c8     msvcrt:dll_dllmain.obj
 0004:000004d4       $pdata$??__FtheApp@@YAXXZ  00000001800154d4     TakionAdditionalColumns.obj
 0005:00000000       __guard_fids__             0000000180016000     mfcs140:dllmodul.obj
 0005:00000004       __guard_fids__             0000000180016004     mfcs140:dllmodul.obj
 0005:00000008       __guard_fids_??__EafxModuleState@@YAXXZ 0000000180016008     mfcs140:dllmodul.obj
 0005:00000010       __guard_fids__             0000000180016010     mfcs140:dllmodul.obj
 0005:00000014       __guard_fids__             0000000180016014     msvcrt:std_type_info_static.obj
 0005:00000018       __guard_fids__             0000000180016018     msvcrt:thread_safe_statics.obj
 0005:0000001c       __guard_fids_?__scrt_initialize_thread_safe_statics@@YAHXZ 000000018001601c     msvcrt:thread_safe_statics.obj
 0005:00000020       __guard_fids_?dllmain_crt_process_attach@@YAHQEAUHINSTANCE__@@QEAX@Z 0000000180016020     msvcrt:dll_dllmain.obj
 0005:00000028       __guard_fids_?dllmain_dispatch@@YAHQEAUHINSTANCE__@@KQEAX@Z 0000000180016028     msvcrt:dll_dllmain.obj
 0005:0000002c       __guard_fids__             000000018001602c     msvcrt:guard_support.obj
 0005:00000030       __guard_fids__             0000000180016030     mfcs140:rawdllmainproxy.obj
 0007:000000a0       $R000000                   00000001800180a0     TakionAdditionalColumns.res
 0007:00000448       $R0003A8                   0000000180018448     TakionAdditionalColumns.res

 Exports

  ordinal    name

        3    ExtensionInitialize
        4    ExtensionTerminate
        5    GetExtensionVersion
        6    GetUtilsVersion
        7    GetUtilsHeaderVersion
        8    GetTakionUtilsVersion
        9    GetTakionUtilsHeaderVersion
       10    GetTakionGuiVersion
       11    GetTakionGuiHeaderVersion
       12    GetTakionDataVersion
       13    GetTakionDataHeaderVersion
       14    GetTakionLogVersion
       15    GetTakionLogHeaderVersion
       16    GetObserverVersion
       17    GetObserverHeaderVersion
       18    GetTakionExtensionDescription
       19    GetTakionExtensionProductName
       41    IsTraderIdValid
       42    GetMsAdditionalColumnCount
       43    GetMsColumnInfo
       44    CreateMsRowValue
       45    CreateMsTotalRowValue
       46    IsMsColumnPosition
       47    ApplyMsPosition
       48    InvalidateMsPositionColumns
       49    InvalidateMsPositionTotals
       50    UpdateMsPositionValues
       51    AdjustMsPositionTotals
       52    GetMsCellColor
       53    AdditionalMsLock
       54    AdditionalMsLockWait
       55    AdditionalMsUnlock
       56    MsUpdateNonCumulativeRowValue
       57    MsAddNonCumulativeRowValue
       58    MsRemoveNonCumulativeRowValue
       70    GetPosAdditionalColumnCount
       71    GetPosColumnInfo
       72    CreatePosRowValue
       73    CreatePosTotalRowValue
       74    GetPosCellColor
       75    PosUpdateNonCumulativeRowValue
       76    PosAddNonCumulativeRowValue
       77    PosRemoveNonCumulativeRowValue
      110    GetActAdditionalColumnCount
      111    GetActColumnInfo
      112    CreateActRowValue
      113    CreateActTotalRowValue
      114    GetActCellColor
      115    ActUpdateNonCumulativeRowValue
      116    ActAddNonCumulativeRowValue
      117    ActRemoveNonCumulativeRowValue
      170    GetOrdAdditionalColumnCount
      171    GetOrdColumnInfo
      172    CreateOrdRowValue
      173    CreateOrdTotalRowValue
      174    GetOrdCellColor
      175    OrdUpdateNonCumulativeRowValue
      176    OrdAddNonCumulativeRowValue
      177    OrdRemoveNonCumulativeRowValue
